******************************************************************************
                  TI ARM Linker Unix v18.12.2                  
******************************************************************************
>> Linked Sun Sep 29 11:23:49 2019

OUTPUT FILE NAME:   <usb_dev_bulk.out>
ENTRY POINT SYMBOL: "_c_int00_noargs"  address: 000035d5


MEMORY CONFIGURATION

         name            origin    length      used     unused   attr    fill
----------------------  --------  ---------  --------  --------  ----  --------
  FLASH                 00000000   00040000  0000483e  0003b7c2  R  X
  SRAM                  20000000   00008000  00000dd4  0000722c  RW X


SEGMENT ALLOCATION MAP

run origin  load origin   length   init length attrs members
----------  ----------- ---------- ----------- ----- -------
00000000    00000000    00004840   00004840    r-x
  00000000    00000000    0000026c   0000026c    r-- .intvecs
  0000026c    0000026c    00003ef6   00003ef6    r-x .text
  00004164    00004164    0000060c   0000060c    r-- .const
  00004770    00004770    000000d0   000000d0    r-- .cinit
20000000    20000000    00000dd8   00000000    rw-
  20000000    20000000    00000894   00000000    rw- .bss
  20000898    20000898    00000400   00000000    rw- .stack
  20000c98    20000c98    00000140   00000000    rw- .data


SECTION ALLOCATION MAP

 output                                  attributes/
section   page    origin      length       input sections
--------  ----  ----------  ----------   ----------------
.intvecs   0    00000000    0000026c     
                  00000000    0000026c     startup_ccs.obj (.intvecs)

.text      0    0000026c    00003ef6     
                  0000026c    00000268     usb_dev_bulk.obj (.text:main)
                  000004d4    00000254     grlib.lib : string.obj (.text:GrFontGlyphRender)
                  00000728    00000251     ustdlib.obj (.text:uvsnprintf)
                  00000979    00000001     --HOLE-- [fill = 0]
                  0000097a    00000002     cfal96x64x16.obj (.text:CFAL96x64x16Flush)
                  0000097c    00000184     cfal96x64x16.obj (.text:CFAL96x64x16Init)
                  00000b00    00000160     uartstdio.obj (.text:UARTStdioIntHandler)
                  00000c60    00000160     usblib.lib : usbdma.obj (.text:USBLibDMAInit)
                  00000dc0    00000150                : usbdenum.obj (.text:USBDCDInit)
                  00000f10    00000150                : usbdenum.obj (.text:USBDEP0StateTxConfig)
                  00001060    00000150                : usbdenum.obj (.text:USBDeviceIntHandlerInternal)
                  000011b0    00000148                : usbdconfig.obj (.text:USBDeviceConfig)
                  000012f8    0000013a     cfal96x64x16.obj (.text:CFAL96x64x16PixelDrawMultiple)
                  00001432    000000f4     usblib.lib : usbdma.obj (.text:iDMAUSBTransfer)
                  00001526    00000002     startup_ccs.obj (.text:FaultISR)
                  00001528    000000e4     usblib.lib : usbdenum.obj (.text:USBDGetDescriptor)
                  0000160c    000000d8                : usbdenum.obj (.text:USBDeviceEnumHandler)
                  000016e4    000000c4                : usbdma.obj (.text:uDMAUSBChannelAllocate)
                  000017a8    000000c0     grlib.lib : string.obj (.text:GrDefaultStringRenderer)
                  00001868    000000be     usblib.lib : usbbuffer.obj (.text:HandleRxAvailable)
                  00001926    000000bc                : usbdma.obj (.text:uDMAUSBTransfer)
                  000019e2    00000002     startup_ccs.obj (.text:IntDefaultHandler)
                  000019e4    000000b8     usb_dev_bulk.obj (.text:DisplayStatus)
                  00001a9c    000000a8     uartstdio.obj (.text:UARTwrite)
                  00001b44    0000009c     usblib.lib : usbdbulk.obj (.text:USBDBulkCompositeInit)
                  00001be0    0000009c     rtsv7M4_T_le_v4SPD16_eabi.lib : memcpy_t2.asm.obj (.text)
                  00001c7c    00000098     usblib.lib : usbdenum.obj (.text:USBDSetInterface)
                  00001d14    00000092                : usbbuffer.obj (.text:ScheduleNextTransmission)
                  00001da6    00000002     startup_ccs.obj (.text:NmiSR)
                  00001da8    00000090     usb_dev_bulk.obj (.text:EchoNewDataToHost)
                  00001e38    00000090     usb_dev_bulk.obj (.text:RxHandler)
                  00001ec8    00000090     usblib.lib : usbdenum.obj (.text:USBDSetConfiguration)
                  00001f58    0000008e     cfal96x64x16.obj (.text:CFAL96x64x16LineDrawV)
                  00001fe6    00000002     usblib.lib : usbdma.obj (.text:iDMAUSBArbSizeSet)
                  00001fe8    0000008c     uartstdio.obj (.text:UARTPrimeTransmit)
                  00002074    0000008c     usblib.lib : usbdconfig.obj (.text:USBDeviceConfigAlternate)
                  00002100    00000086     grlib.lib : rectangle.obj (.text:GrRectFill)
                  00002186    00000084     usblib.lib : usbdma.obj (.text:iDMAUSBChannelAllocate)
                  0000220a    00000002                : usbdma.obj (.text:iDMAUSBUnitSizeSet)
                  0000220c    00000084     driverlib.lib : udma.obj (.text:uDMAChannelTransferSet)
                  00002290    00000080     usblib.lib : usbdenum.obj (.text:USBDClearFeature)
                  00002310    0000007a     driverlib.lib : usb.obj (.text:USBDevEndpointConfigSet)
                  0000238a    0000007a     rtsv7M4_T_le_v4SPD16_eabi.lib : memset_t2.asm.obj (.text)
                  00002404    00000078     usblib.lib : usbdenum.obj (.text:USBDGetStatus)
                  0000247c    00000072                : usbdbulk.obj (.text:USBDBulkPacketRead)
                  000024ee    00000002     rtsv7M4_T_le_v4SPD16_eabi.lib : div0.asm.obj (.text)
                  000024f0    00000070     usblib.lib : usbdenum.obj (.text:USBDEP0StateTx)
                  00002560    00000070                : usbdma.obj (.text:uDMAUSBArbSizeSet)
                  000025d0    00000070                : usbdma.obj (.text:uDMAUSBUnitSizeSet)
                  00002640    0000006c     cfal96x64x16.obj (.text:CFAL96x64x16LineDrawH)
                  000026ac    0000006c     usblib.lib : usbdenum.obj (.text:USBDSetFeature)
                  00002718    00000068     grlib.lib : context.obj (.text:GrContextInit)
                  00002780    00000068               : string.obj (.text:GrStringWidthGet)
                  000027e8    00000068     driverlib.lib : interrupt.obj (.text:IntDisable)
                  00002850    00000068                   : interrupt.obj (.text:IntEnable)
                  000028b8    00000068     rtsv7M4_T_le_v4SPD16_eabi.lib : copy_decompress_lzss.c.obj (.text:decompress:lzss:__TI_decompress_lzss)
                  00002920    00000064     driverlib.lib : interrupt.obj (.text:IntIsEnabled)
                  00002984    00000064     usblib.lib : usbbuffer.obj (.text:USBBufferEventCallback)
                  000029e8    00000064                : usbdma.obj (.text:uDMAUSBChannelEnable)
                  00002a4c    00000060                : usbdbulk.obj (.text:HandleDevice)
                  00002aac    00000060                : usbdbulk.obj (.text:ProcessDataFromHost)
                  00002b0c    00000060                : usbdenum.obj (.text:USBDReadAndDispatchRequest)
                  00002b6c    0000005e     driverlib.lib : usb.obj (.text:USBDevEndpointStatusClear)
                  00002bca    00000002     usblib.lib : usbdma.obj (.text:uDMAUSBChannelIntDisable)
                  00002bcc    0000005c                : usbdbulk.obj (.text:USBDBulkPacketWrite)
                  00002c28    0000005a     grlib.lib : string.obj (.text:FontWideGlyphDataGet)
                  00002c82    00000056     usblib.lib : usbdma.obj (.text:uDMAUSBChannelRelease)
                  00002cd8    00000052                : usbulpi.obj (.text:ULPIConfigSet)
                  00002d2a    00000002                : usbdma.obj (.text:uDMAUSBChannelIntEnable)
                  00002d2c    00000050     cfal96x64x16.obj (.text:CFAL96x64x16WriteCommand)
                  00002d7c    00000050     cfal96x64x16.obj (.text:CFAL96x64x16WriteData)
                  00002dcc    00000050     driverlib.lib : sysctl.obj (.text:SysCtlPeripheralReset)
                  00002e1c    00000050     usblib.lib : usbdcdesc.obj (.text:USBDCDConfigDescGet)
                  00002e6c    00000050                : usbdenum.obj (.text:USBDeviceResumeTickHandler)
                  00002ebc    0000004c                : usbdconfig.obj (.text:GetEPDescriptorType)
                  00002f08    0000004c                : usbdenum.obj (.text:USBDStringIndexFromRequest)
                  00002f54    0000004c     driverlib.lib : usb.obj (.text:USBEndpointDMAConfigSet)
                  00002fa0    0000004c     usblib.lib : usbdma.obj (.text:iDMAUSBChannelEnable)
                  00002fec    0000004a                : usbdcdesc.obj (.text:ConfigAlternateInterfaceGet)
                  00003036    0000004a     driverlib.lib : usb.obj (.text:USBDevEndpointStallClear)
                  00003080    0000004a     grlib.lib : string.obj (.text:UpdateContextCharMapping)
                  000030ca    0000004a     usblib.lib : usbdma.obj (.text:uDMAUSBChannelDisable)
                  00003114    00000048                : usbdenum.obj (.text:USBDeviceEnumResetHandler)
                  0000315c    00000048     driverlib.lib : udma.obj (.text:uDMAChannelAttributeDisable)
                  000031a4    00000046                   : usb.obj (.text:USBEndpointDataGet)
                  000031ea    00000002     --HOLE-- [fill = 0]
                  000031ec    00000044     usblib.lib : usbdenum.obj (.text:USBDCDDeviceInfoInit)
                  00003230    00000044                : usbdenum.obj (.text:USBDGetInterface)
                  00003274    00000044     rtsv7M4_T_le_v4SPD16_eabi.lib : autoinit.c.obj (.text:__TI_auto_init_nobinit_nopinit:__TI_auto_init_nobinit_nopinit)
                  000032b8    00000040     usblib.lib : usbdbulk.obj (.text:USBDBulkInit)
                  000032f8    00000040     rtsv7M4_T_le_v4SPD16_eabi.lib : u_divt2.asm.obj (.text)
                  00003338    0000003c     usblib.lib : usbdma.obj (.text:iDMAUSBChannelRelease)
                  00003374    0000003a     grlib.lib : string.obj (.text:FontGlyphDataGet)
                  000033ae    0000003a     driverlib.lib : usb.obj (.text:USBFIFOConfigSet)
                  000033e8    00000038     usblib.lib : usbtick.obj (.text:InternalUSBRegisterTickHandler)
                  00003420    00000038                : usbtick.obj (.text:InternalUSBStartOfFrameTick)
                  00003458    00000038                : usbdcdesc.obj (.text:USBDCDConfigGetInterfaceEndpoint)
                  00003490    00000038     driverlib.lib : usb.obj (.text:USBIntStatusControl)
                  000034c8    00000038     usblib.lib : usbringbuf.obj (.text:USBRingBufAdvanceWrite)
                  00003500    00000036     driverlib.lib : usb.obj (.text:USBEndpointDataPut)
                  00003536    00000034     usblib.lib : usbdbulk.obj (.text:HandleEndpoints)
                  0000356a    00000002     --HOLE-- [fill = 0]
                  0000356c    00000034     driverlib.lib : sysctl.obj (.text:SysCtlPeripheralEnable)
                  000035a0    00000034                   : usb.obj (.text:USBEndpointDataSend)
                  000035d4    00000034     rtsv7M4_T_le_v4SPD16_eabi.lib : boot_cortex_m.c.obj (.text:_c_int00_noargs:_c_int00_noargs)
                  00003608    00000034     usblib.lib : usbdma.obj (.text:iDMAUSBChannelStatus)
                  0000363c    00000032     cfal96x64x16.obj (.text:CFAL96x64x16PixelDraw)
                  0000366e    00000032     usblib.lib : usbdcdesc.obj (.text:NextConfigDescGet)
                  000036a0    00000032                : usbdbulk.obj (.text:ProcessDataToHost)
                  000036d2    00000032     driverlib.lib : usb.obj (.text:USBDevEndpointStall)
                  00003704    00000032     usblib.lib : usbdma.obj (.text:iDMAUSBChannelDisable)
                  00003736    00000030                : usbdma.obj (.text:DMAUSBIntHandler)
                  00003766    00000002     --HOLE-- [fill = 0]
                  00003768    00000030                : usbtick.obj (.text:InternalUSBTickInit)
                  00003798    00000030                : usbdenum.obj (.text:USBDGetConfiguration)
                  000037c8    00000030                : usbringbuf.obj (.text:UpdateIndexAtomic)
                  000037f8    0000002e     grlib.lib : string.obj (.text:GrStringNextCharGet)
                  00003826    0000002c               : string.obj (.text:GrFontBaselineGet)
                  00003852    0000002c     usblib.lib : usbdesc.obj (.text:USBDescGet)
                  0000387e    0000002c                : usbdma.obj (.text:uDMAUSBIntStatus)
                  000038aa    0000002a     cfal96x64x16.obj (.text:CFAL96x64x16RectFill)
                  000038d4    0000002a     usblib.lib : usbbuffer.obj (.text:HandleRequestBuffer)
                  000038fe    0000002a                : usbdcdesc.obj (.text:USBDCDConfigDescGetNum)
                  00003928    0000002a                : usbdesc.obj (.text:USBDescGetNum)
                  00003952    0000002a     driverlib.lib : usb.obj (.text:USBDevEndpointDataAck)
                  0000397c    0000002a     ustdlib.obj (.text:ustrncpy)
                  000039a6    00000002     --HOLE-- [fill = 0]
                  000039a8    00000028     usblib.lib : usbdenum.obj (.text:USBDSetAddress)
                  000039d0    00000028     driverlib.lib : usb.obj (.text:USBIntEnableControl)
                  000039f8    00000028                   : udma.obj (.text:uDMAChannelModeGet)
                  00003a20    00000026     grlib.lib : string.obj (.text:GrFontInfoGet)
                  00003a46    00000024     usblib.lib : usbdbulk.obj (.text:BulkTickHandler)
                  00003a6a    00000024                : usbdbulk.obj (.text:HandleConfigChange)
                  00003a8e    00000024     driverlib.lib : usb.obj (.text:USBEndpointDMADisable)
                  00003ab2    00000024                   : usb.obj (.text:USBEndpointDMAEnable)
                  00003ad6    00000002     --HOLE-- [fill = 0]
                  00003ad8    00000024                   : udma.obj (.text:uDMAChannelControlSet)
                  00003afc    00000022     grlib.lib : string.obj (.text:GrFontGlyphDataGet)
                  00003b1e    00000022     usblib.lib : usbdbulk.obj (.text:HandleDisconnect)
                  00003b40    00000022                : usbdbulk.obj (.text:USBDBulkRxPacketAvailable)
                  00003b62    00000022                : usbdma.obj (.text:uDMAUSBChannelStatus)
                  00003b84    00000020                : usbdconfig.obj (.text:GetEndpointFIFOSize)
                  00003ba4    00000020                : usbbuffer.obj (.text:HandleDataRemaining)
                  00003bc4    00000020                : usbringbuf.obj (.text:USBRingBufAdvanceRead)
                  00003be4    0000001e     grlib.lib : string.obj (.text:GrFontCodepageGet)
                  00003c02    0000001e     usblib.lib : usbringbuf.obj (.text:USBRingBufContigFree)
                  00003c20    0000001e     driverlib.lib : usb.obj (.text:USBULPIRegRead)
                  00003c3e    0000001e                   : usb.obj (.text:USBULPIRegWrite)
                  00003c5c    0000001c     usblib.lib : usbdcdesc.obj (.text:USBDCDConfigGetInterface)
                  00003c78    0000001c                : usbdenum.obj (.text:USBDCDStallEP0)
                  00003c94    0000001c     driverlib.lib : usb.obj (.text:USBEndpointDataAvail)
                  00003cb0    0000001c     usblib.lib : usbringbuf.obj (.text:USBRingBufWrite)
                  00003ccc    0000001a                : usbdcdesc.obj (.text:USBDCDConfigDescGetSize)
                  00003ce6    0000001a     driverlib.lib : usb.obj (.text:USBEndpointDMAChannel)
                  00003d00    0000001a     ustdlib.obj (.text:usnprintf)
                  00003d1a    00000018     uartstdio.obj (.text:IsBufferFull)
                  00003d32    00000018     usblib.lib : usbdbulk.obj (.text:SetDeferredOpFlag)
                  00003d4a    00000002     --HOLE-- [fill = 0]
                  00003d4c    00000018                : usbdhandler.obj (.text:USB0DeviceIntHandler)
                  00003d64    00000018                : usbbuffer.obj (.text:USBBufferInit)
                  00003d7c    00000018                : usbdenum.obj (.text:USBDCDFeatureGet)
                  00003d94    00000018                : usbdenum.obj (.text:USBDSetDescriptor)
                  00003dac    00000018                : usbdenum.obj (.text:USBDSyncFrame)
                  00003dc4    00000018     driverlib.lib : udma.obj (.text:uDMAChannelDisable)
                  00003ddc    00000018                   : udma.obj (.text:uDMAChannelEnable)
                  00003df4    00000016     cfal96x64x16.obj (.text:CFAL96x64x16ColorTranslate)
                  00003e0a    00000016     grlib.lib : string.obj (.text:GrStringDraw)
                  00003e20    00000016     usblib.lib : usbbuffer.obj (.text:USBBufferDataWritten)
                  00003e36    00000016     driverlib.lib : usb.obj (.text:USBIntEnableEndpoint)
                  00003e4c    00000016     usblib.lib : usbringbuf.obj (.text:USBRingBufFlush)
                  00003e62    00000016                : usbringbuf.obj (.text:USBRingBufUsed)
                  00003e78    00000014                : usbbuffer.obj (.text:HandleTxComplete)
                  00003e8c    00000014     driverlib.lib : sysctl.obj (.text:SysCtlUSBPLLEnable)
                  00003ea0    00000014     usb_dev_bulk.obj (.text:TxHandler)
                  00003eb4    00000014     usblib.lib : usbdbulk.obj (.text:USBDBulkTxPacketAvailable)
                  00003ec8    00000014     driverlib.lib : usb.obj (.text:USBDMAChannelConfigSet)
                  00003edc    00000014                   : usb.obj (.text:USBHostResume)
                  00003ef0    00000014                   : usb.obj (.text:_USBIndexWrite)
                  00003f04    00000012     usblib.lib : usbdbulk.obj (.text:HandleResume)
                  00003f16    00000012                : usbdbulk.obj (.text:HandleSuspend)
                  00003f28    00000012                : usbbuffer.obj (.text:USBBufferInfoGet)
                  00003f3a    00000012     driverlib.lib : usb.obj (.text:USBDMAChannelDisable)
                  00003f4c    00000012                   : usb.obj (.text:USBDMAChannelEnable)
                  00003f5e    00000012                   : usb.obj (.text:USBDMAChannelIntDisable)
                  00003f70    00000012                   : usb.obj (.text:USBDMAChannelIntEnable)
                  00003f82    00000012     usblib.lib : usbringbuf.obj (.text:USBRingBufFree)
                  00003f94    00000010     driverlib.lib : interrupt.obj (.text:IntMasterDisable)
                  00003fa4    00000010                   : interrupt.obj (.text:IntMasterEnable)
                  00003fb4    00000010     usb_dev_bulk.obj (.text:SysTickIntHandler)
                  00003fc4    00000010     driverlib.lib : usb.obj (.text:USBEndpointStatus)
                  00003fd4    00000010     usblib.lib : usbringbuf.obj (.text:USBRingBufContigUsed)
                  00003fe4    00000010                : usbringbuf.obj (.text:USBRingBufWriteOne)
                  00003ff4    0000000e                : usbdma.obj (.text:DMAUSBIntStatusClear)
                  00004002    0000000e     uartstdio.obj (.text:IsBufferEmpty)
                  00004010    0000000e     driverlib.lib : usb.obj (.text:USBDMAChannelStatus)
                  0000401e    0000000e                   : usb.obj (.text:USBDevLPMDisable)
                  0000402c    0000000e                   : usb.obj (.text:USBDevLPMEnable)
                  0000403a    0000000e                   : usb.obj (.text:USBULPIDisable)
                  00004048    0000000e                   : usb.obj (.text:USBULPIEnable)
                  00004056    0000000e     rtsv7M4_T_le_v4SPD16_eabi.lib : copy_decompress_none.c.obj (.text:decompress:none:__TI_decompress_none)
                  00004064    0000000c     driverlib.lib : cpu.obj (.text:CPUcpsid)
                  00004070    0000000c                   : cpu.obj (.text:CPUcpsie)
                  0000407c    0000000c                   : usb.obj (.text:USBEndpointPacketCountSet)
                  00004088    0000000c                   : usb.obj (.text:USBLPMIntEnable)
                  00004094    0000000c     usblib.lib : usbringbuf.obj (.text:USBRingBufInit)
                  000040a0    0000000c     rtsv7M4_T_le_v4SPD16_eabi.lib : copy_zero_init.c.obj (.text:decompress:ZI:__TI_zero_init)
                  000040ac    0000000a     driverlib.lib : usb.obj (.text:USBClockEnable)
                  000040b6    0000000a                   : usb.obj (.text:USBControllerVersion)
                  000040c0    0000000a                   : usb.obj (.text:USBDMAChannelAddressSet)
                  000040ca    0000000a                   : usb.obj (.text:USBDMAChannelCountSet)
                  000040d4    0000000a                   : usb.obj (.text:USBDevConnect)
                  000040de    0000000a                   : usb.obj (.text:USBDevDisconnect)
                  000040e8    0000000a                   : usb.obj (.text:USBIntStatusEndpoint)
                  000040f2    00000008     grlib.lib : charmap.obj (.text:GrMapISO8859_1_Unicode)
                  000040fa    00000008     driverlib.lib : usb.obj (.text:USBDevMode)
                  00004102    00000008                   : usb.obj (.text:USBFIFOAddrGet)
                  0000410a    00000008                   : usb.obj (.text:USBOTGMode)
                  00004112    00000008     usblib.lib : usbdma.obj (.text:iDMAUSBChannelIntDisable)
                  0000411a    00000008                : usbdma.obj (.text:iDMAUSBChannelIntEnable)
                  00004122    00000006     grlib.lib : string.obj (.text:GrContextFontSet)
                  00004128    00000006     startup_ccs.obj (.text:ResetISR)
                  0000412e    00000006     usblib.lib : usbbuffer.obj (.text:USBBufferFlush)
                  00004134    00000006                : usbbuffer.obj (.text:USBBufferSpaceAvailable)
                  0000413a    00000006     driverlib.lib : usb.obj (.text:USBDMAChannelIntStatus)
                  00004140    00000006                   : usb.obj (.text:USBDevLPMConfig)
                  00004146    00000006                   : usb.obj (.text:USBLPMIntStatus)
                  0000414c    00000006     usblib.lib : usbdma.obj (.text:iDMAUSBIntStatus)
                  00004152    00000004                : usbdma.obj (.text:DMAUSBStatus)
                  00004156    00000004     driverlib.lib : usb.obj (.text:USBDevAddrSet)
                  0000415a    00000004     rtsv7M4_T_le_v4SPD16_eabi.lib : pre_init.c.obj (.text:_system_pre_init)
                  0000415e    00000004                                   : exit.c.obj (.text:abort:abort)

.const     0    00004164    0000060c     
                  00004164    000002f8     grlib.lib : fontfixed6x8.obj (.const:.string:g_pui8FontFixed6x8Data)
                  0000445c    000000c8               : fontfixed6x8.obj (.const:g_sFontFixed6x8)
                  00004524    00000070     driverlib.lib : interrupt.obj (.const)
                  00004594    00000034     usblib.lib : usbdenum.obj (.const:g_psUSBDStdRequests)
                  000045c8    00000030     usb_bulk_structs.obj (.const:.string:g_pui8ConfigString)
                  000045f8    00000030     usblib.lib : usbdbulk.obj (.const:g_sBulkHandlers)
                  00004628    00000030                : usbdbulk.obj (.const)
                  00004658    0000002e                : usbdbulk.obj (.const:.string)
                  00004686    00000028     usb_bulk_structs.obj (.const:.string:g_pui8DataInterfaceString)
                  000046ae    00000028     usb_bulk_structs.obj (.const:.string:g_pui8ProductString)
                  000046d6    00000002     --HOLE-- [fill = 0]
                  000046d8    00000028     cfal96x64x16.obj (.const:g_sCFAL96x64x16)
                  00004700    00000024     usb_bulk_structs.obj (.const:.string:g_pui8ManufacturerString)
                  00004724    00000018     usb_bulk_structs.obj (.const:g_ppui8StringDescriptors)
                  0000473c    00000012     usb_bulk_structs.obj (.const:.string:g_pui8SerialNumberString)
                  0000474e    00000002     --HOLE-- [fill = 0]
                  00004750    00000010     grlib.lib : context.obj (.const)
                  00004760    0000000c     uartstdio.obj (.const:g_ui32UARTInt)
                  0000476c    00000004     usb_bulk_structs.obj (.const:.string:g_pui8LangDescriptor)

.cinit     0    00004770    000000d0     
                  00004770    000000a8     (.cinit..data.load) [load image, compression = lzss]
                  00004818    0000000c     (__TI_handler_table)
                  00004824    00000004     --HOLE-- [fill = 0]
                  00004828    00000008     (.cinit..bss.load) [load image, compression = zero_init]
                  00004830    00000010     (__TI_cinit_table)

.init_array 
*          0    00000000    00000000     UNINITIALIZED

.bss       0    20000000    00000894     UNINITIALIZED
                  20000000    00000400     uartstdio.obj (.bss:g_pcUARTTxBuffer)
                  20000400    00000110     usblib.lib : usbdma.obj (.bss:g_psUSBDMAInst)
                  20000510    00000100     (.common:g_pui8USBRxBuffer)
                  20000610    00000100     (.common:g_pui8USBTxBuffer)
                  20000710    00000080     uartstdio.obj (.bss:g_pcUARTRxBuffer)
                  20000790    00000050     usblib.lib : usbdenum.obj (.bss:g_psDCDInst)
                  200007e0    00000040                : usbdenum.obj (.bss:g_pui8DataBufferIn)
                  20000820    0000002c     (.common:g_sContext)
                  2000084c    00000018     (.common:g_pfnTickHandlers)
                  20000864    00000018     (.common:g_pvTickInstance)
                  2000087c    00000008     uartstdio.obj (.bss)
                  20000884    00000004     (.common:g_pcStatus)
                  20000888    00000004     (.common:g_ppsDevInfo)
                  2000088c    00000004     (.common:g_psGrLibDefaults)
                  20000890    00000004     (.common:g_ui32ULPISupport)

.data      0    20000c98    00000140     UNINITIALIZED
                  20000c98    00000044     usb_bulk_structs.obj (.data:g_sBulkDevice)
                  20000cdc    00000038     usb_bulk_structs.obj (.data:g_sRxBuffer)
                  20000d14    00000038     usb_bulk_structs.obj (.data:g_sTxBuffer)
                  20000d4c    0000002e     usblib.lib : usbdbulk.obj (.data)
                  20000d7a    00000002     --HOLE--
                  20000d7c    00000015     uartstdio.obj (.data)
                  20000d91    00000013     cfal96x64x16.obj (.data:g_ui8DisplayInitCommands)
                  20000da4    00000011     usb_dev_bulk.obj (.data)
                  20000db5    00000003     --HOLE--
                  20000db8    0000000c     usblib.lib : usbtick.obj (.data)
                  20000dc4    00000009                : usbmode.obj (.data)
                  20000dcd    00000003     --HOLE--
                  20000dd0    00000008                : usbdenum.obj (.data)

.stack     0    20000898    00000400     UNINITIALIZED
                  20000898    00000004     rtsv7M4_T_le_v4SPD16_eabi.lib : boot_cortex_m.c.obj (.stack)
                  2000089c    000003fc     --HOLE--

MODULE SUMMARY

       Module                       code    ro data   rw data
       ------                       ----    -------   -------
    ./
       usb_dev_bulk.obj             1124    0         65     
       usb_bulk_structs.obj         0       210       692    
       startup_ccs.obj              12      620       0      
    +--+----------------------------+-------+---------+---------+
       Total:                       1136    830       757    
                                                             
    ./drivers/
       cfal96x64x16.obj             1228    40        19     
    +--+----------------------------+-------+---------+---------+
       Total:                       1228    40        19     
                                                             
    ./utils/
       uartstdio.obj                698     12        1181   
       ustdlib.obj                  661     0         0      
    +--+----------------------------+-------+---------+---------+
       Total:                       1359    12        1181   
                                                             
    /home/quynhpp/ti/ccs910/ccs/tools/compiler/ti-cgt-arm_18.12.2.LTS/lib/rtsv7M4_T_le_v4SPD16_eabi.lib
       memcpy_t2.asm.obj            156     0         0      
       memset_t2.asm.obj            122     0         0      
       copy_decompress_lzss.c.obj   104     0         0      
       autoinit.c.obj               68      0         0      
       u_divt2.asm.obj              64      0         0      
       boot_cortex_m.c.obj          52      0         0      
       copy_decompress_none.c.obj   14      0         0      
       copy_zero_init.c.obj         12      0         0      
       exit.c.obj                   4       0         0      
       pre_init.c.obj               4       0         0      
       div0.asm.obj                 2       0         0      
    +--+----------------------------+-------+---------+---------+
       Total:                       602     0         0      
                                                             
    /home/quynhpp/ti/tivaware_c_series_2_1_4_178/driverlib/ccs/Debug/driverlib.lib
       usb.obj                      1354    0         0      
       interrupt.obj                340     112       0      
       udma.obj                     328     0         0      
       sysctl.obj                   152     0         0      
       cpu.obj                      24      0         0      
    +--+----------------------------+-------+---------+---------+
       Total:                       2198    112       0      
                                                             
    /home/quynhpp/ti/tivaware_c_series_2_1_4_178/grlib/ccs/Debug/grlib.lib
       string.obj                   1334    0         0      
       fontfixed6x8.obj             0       960       0      
       rectangle.obj                134     0         0      
       context.obj                  104     16        4      
       charmap.obj                  8       0         0      
    +--+----------------------------+-------+---------+---------+
       Total:                       1580    976       4      
                                                             
    /home/quynhpp/ti/tivaware_c_series_2_1_4_178/usblib/ccs/Debug/usblib.lib
       usbdenum.obj                 2864    52        160    
       usbdma.obj                   2008    0         272    
       usbdbulk.obj                 940     142       46     
       usbbuffer.obj                606     0         0      
       usbdconfig.obj               576     0         0      
       usbdcdesc.obj                356     0         0      
       usbringbuf.obj               300     0         0      
       usbtick.obj                  160     0         60     
       usbdesc.obj                  86      0         0      
       usbulpi.obj                  82      0         0      
       usbdhandler.obj              24      0         0      
       usbmode.obj                  0       0         9      
    +--+----------------------------+-------+---------+---------+
       Total:                       8002    194       547    
                                                             
       Stack:                       0       0         1024   
       Linker Generated:            0       204       0      
    +--+----------------------------+-------+---------+---------+
       Grand Total:                 16105   2368      3532   


LINKER GENERATED COPY TABLES

__TI_cinit_table @ 00004830 records: 2, size/record: 8, table size: 16
	.data: load addr=00004770, load size=000000a8 bytes, run addr=20000c98, run size=00000140 bytes, compression=lzss
	.bss: load addr=00004828, load size=00000008 bytes, run addr=20000000, run size=00000894 bytes, compression=zero_init


LINKER GENERATED HANDLER TABLE

__TI_handler_table @ 00004818 records: 3, size/record: 4, table size: 12
	index: 0, handler: __TI_decompress_lzss
	index: 1, handler: __TI_decompress_none
	index: 2, handler: __TI_zero_init


GLOBAL SYMBOLS: SORTED ALPHABETICALLY BY Name 

address   name                            
-------   ----                            
0000415f  C$$EXIT                         
0000097d  CFAL96x64x16Init                
00004065  CPUcpsid                        
00004071  CPUcpsie                        
000019e5  DisplayStatus                   
00004123  GrContextFontSet                
00002719  GrContextInit                   
000017a9  GrDefaultStringRenderer         
00003827  GrFontBaselineGet               
00003be5  GrFontCodepageGet               
00003afd  GrFontGlyphDataGet              
000004d5  GrFontGlyphRender               
00003a21  GrFontInfoGet                   
000040f3  GrMapISO8859_1_Unicode          
00002101  GrRectFill                      
00003e0b  GrStringDraw                    
000037f9  GrStringNextCharGet             
00002781  GrStringWidthGet                
000027e9  IntDisable                      
00002851  IntEnable                       
00002921  IntIsEnabled                    
00003f95  IntMasterDisable                
00003fa5  IntMasterEnable                 
000033e9  InternalUSBRegisterTickHandler  
00003421  InternalUSBStartOfFrameTick     
00003769  InternalUSBTickInit             
00004129  ResetISR                        
00001e39  RxHandler                       
0000356d  SysCtlPeripheralEnable          
00002dcd  SysCtlPeripheralReset           
00003e8d  SysCtlUSBPLLEnable              
00003fb5  SysTickIntHandler               
00003ea1  TxHandler                       
00000b01  UARTStdioIntHandler             
00001a9d  UARTwrite                       
00002cd9  ULPIConfigSet                   
00003d4d  USB0DeviceIntHandler            
00003e21  USBBufferDataWritten            
00002985  USBBufferEventCallback          
0000412f  USBBufferFlush                  
00003f29  USBBufferInfoGet                
00003d65  USBBufferInit                   
00004135  USBBufferSpaceAvailable         
000040ad  USBClockEnable                  
000040b7  USBControllerVersion            
00001b45  USBDBulkCompositeInit           
000032b9  USBDBulkInit                    
0000247d  USBDBulkPacketRead              
00002bcd  USBDBulkPacketWrite             
00003b41  USBDBulkRxPacketAvailable       
00003eb5  USBDBulkTxPacketAvailable       
00002e1d  USBDCDConfigDescGet             
000038ff  USBDCDConfigDescGetNum          
00003ccd  USBDCDConfigDescGetSize         
00003c5d  USBDCDConfigGetInterface        
00003459  USBDCDConfigGetInterfaceEndpoint
000031ed  USBDCDDeviceInfoInit            
00003d7d  USBDCDFeatureGet                
00000dc1  USBDCDInit                      
00003c79  USBDCDStallEP0                  
000040c1  USBDMAChannelAddressSet         
00003ec9  USBDMAChannelConfigSet          
000040cb  USBDMAChannelCountSet           
00003f3b  USBDMAChannelDisable            
00003f4d  USBDMAChannelEnable             
00003f5f  USBDMAChannelIntDisable         
00003f71  USBDMAChannelIntEnable          
0000413b  USBDMAChannelIntStatus          
00004011  USBDMAChannelStatus             
00003853  USBDescGet                      
00003929  USBDescGetNum                   
00004157  USBDevAddrSet                   
000040d5  USBDevConnect                   
000040df  USBDevDisconnect                
00002311  USBDevEndpointConfigSet         
00003953  USBDevEndpointDataAck           
000036d3  USBDevEndpointStall             
00003037  USBDevEndpointStallClear        
00002b6d  USBDevEndpointStatusClear       
00004141  USBDevLPMConfig                 
0000401f  USBDevLPMDisable                
0000402d  USBDevLPMEnable                 
000040fb  USBDevMode                      
000011b1  USBDeviceConfig                 
00002075  USBDeviceConfigAlternate        
0000160d  USBDeviceEnumHandler            
00003115  USBDeviceEnumResetHandler       
00001061  USBDeviceIntHandlerInternal     
00002e6d  USBDeviceResumeTickHandler      
00003ce7  USBEndpointDMAChannel           
00002f55  USBEndpointDMAConfigSet         
00003a8f  USBEndpointDMADisable           
00003ab3  USBEndpointDMAEnable            
00003c95  USBEndpointDataAvail            
000031a5  USBEndpointDataGet              
00003501  USBEndpointDataPut              
000035a1  USBEndpointDataSend             
0000407d  USBEndpointPacketCountSet       
00003fc5  USBEndpointStatus               
00004103  USBFIFOAddrGet                  
000033af  USBFIFOConfigSet                
00003edd  USBHostResume                   
000039d1  USBIntEnableControl             
00003e37  USBIntEnableEndpoint            
00003491  USBIntStatusControl             
000040e9  USBIntStatusEndpoint            
00004089  USBLPMIntEnable                 
00004147  USBLPMIntStatus                 
00000c61  USBLibDMAInit                   
0000410b  USBOTGMode                      
00003bc5  USBRingBufAdvanceRead           
000034c9  USBRingBufAdvanceWrite          
00003c03  USBRingBufContigFree            
00003fd5  USBRingBufContigUsed            
00003e4d  USBRingBufFlush                 
00003f83  USBRingBufFree                  
00004095  USBRingBufInit                  
00003e63  USBRingBufUsed                  
00003cb1  USBRingBufWrite                 
00003fe5  USBRingBufWriteOne              
0000403b  USBULPIDisable                  
00004049  USBULPIEnable                   
00003c21  USBULPIRegRead                  
00003c3f  USBULPIRegWrite                 
20000c98  __STACK_END                     
00000400  __STACK_SIZE                    
20000c98  __STACK_TOP                     
00004830  __TI_CINIT_Base                 
00004840  __TI_CINIT_Limit                
00004818  __TI_Handler_Table_Base         
00004824  __TI_Handler_Table_Limit        
00003275  __TI_auto_init_nobinit_nopinit  
000028b9  __TI_decompress_lzss            
00004057  __TI_decompress_none            
ffffffff  __TI_pprof_out_hndl             
ffffffff  __TI_prof_data_size             
ffffffff  __TI_prof_data_start            
00000000  __TI_static_base__              
000040a1  __TI_zero_init                  
000024ef  __aeabi_idiv0                   
000024ef  __aeabi_ldiv0                   
0000238b  __aeabi_memclr                  
0000238b  __aeabi_memclr4                 
0000238b  __aeabi_memclr8                 
00001be1  __aeabi_memcpy                  
00001be1  __aeabi_memcpy4                 
00001be1  __aeabi_memcpy8                 
0000238d  __aeabi_memset                  
0000238d  __aeabi_memset4                 
0000238d  __aeabi_memset8                 
000032f9  __aeabi_uidiv                   
000032f9  __aeabi_uidivmod                
ffffffff  __binit__                       
ffffffff  __c_args__                      
UNDEFED   __mpu_init                      
20000898  __stack                         
000035d5  _c_int00_noargs                 
UNDEFED   _system_post_cinit              
0000415b  _system_pre_init                
0000415f  abort                           
ffffffff  binit                           
20000db8  g_bUSBTimerInitialized          
20000dc4  g_iUSBMode                      
20000884  g_pcStatus                      
2000084c  g_pfnTickHandlers               
00000000  g_pfnVectors                    
00004650  g_ppBulkConfigDescriptors       
00004654  g_ppBulkConfigDescriptorsHS     
20000888  g_ppsDevInfo                    
00004724  g_ppui8StringDescriptors        
20000d68  g_psBulkSections                
20000d70  g_psBulkSectionsHS              
20000790  g_psDCDInst                     
00004750  g_psDefaultCodePointMapTable    
20000d5e  g_pui8BulkDescriptor            
20000d4c  g_pui8BulkDeviceDescriptor      
00004658  g_pui8BulkInterface             
0000466f  g_pui8BulkInterfaceHS           
000045c8  g_pui8ConfigString              
00004686  g_pui8DataInterfaceString       
0000476c  g_pui8LangDescriptor            
00004700  g_pui8ManufacturerString        
000046ae  g_pui8ProductString             
0000473c  g_pui8SerialNumberString        
20000510  g_pui8USBRxBuffer               
20000610  g_pui8USBTxBuffer               
20000864  g_pvTickInstance                
00004640  g_sBulkConfigHeader             
00004648  g_sBulkConfigHeaderHS           
00004628  g_sBulkConfigSection            
20000c98  g_sBulkDevice                   
000045f8  g_sBulkHandlers                 
00004630  g_sBulkInterfaceSection         
00004638  g_sBulkInterfaceSectionHS       
000046d8  g_sCFAL96x64x16                 
20000820  g_sContext                      
0000445c  g_sFontFixed6x8                 
20000cdc  g_sRxBuffer                     
20000d14  g_sTxBuffer                     
20000dbc  g_ui32CurrentUSBTick            
20000db0  g_ui32Flags                     
20000dac  g_ui32RxCount                   
20000da4  g_ui32SysTickCount              
20000da8  g_ui32TxCount                   
20000dc0  g_ui32USBSOFCount               
20000dc8  g_ui32WaitTicks                 
0000026d  main                            
00001be1  memcpy                          
00002393  memset                          
0000315d  uDMAChannelAttributeDisable     
00003ad9  uDMAChannelControlSet           
00003dc5  uDMAChannelDisable              
00003ddd  uDMAChannelEnable               
000039f9  uDMAChannelModeGet              
0000220d  uDMAChannelTransferSet          
00003d01  usnprintf                       
0000397d  ustrncpy                        
00000729  uvsnprintf                      


GLOBAL SYMBOLS: SORTED BY Symbol Address 

address   name                            
-------   ----                            
00000000  __TI_static_base__              
00000000  g_pfnVectors                    
0000026d  main                            
00000400  __STACK_SIZE                    
000004d5  GrFontGlyphRender               
00000729  uvsnprintf                      
0000097d  CFAL96x64x16Init                
00000b01  UARTStdioIntHandler             
00000c61  USBLibDMAInit                   
00000dc1  USBDCDInit                      
00001061  USBDeviceIntHandlerInternal     
000011b1  USBDeviceConfig                 
0000160d  USBDeviceEnumHandler            
000017a9  GrDefaultStringRenderer         
000019e5  DisplayStatus                   
00001a9d  UARTwrite                       
00001b45  USBDBulkCompositeInit           
00001be1  __aeabi_memcpy                  
00001be1  __aeabi_memcpy4                 
00001be1  __aeabi_memcpy8                 
00001be1  memcpy                          
00001e39  RxHandler                       
00002075  USBDeviceConfigAlternate        
00002101  GrRectFill                      
0000220d  uDMAChannelTransferSet          
00002311  USBDevEndpointConfigSet         
0000238b  __aeabi_memclr                  
0000238b  __aeabi_memclr4                 
0000238b  __aeabi_memclr8                 
0000238d  __aeabi_memset                  
0000238d  __aeabi_memset4                 
0000238d  __aeabi_memset8                 
00002393  memset                          
0000247d  USBDBulkPacketRead              
000024ef  __aeabi_idiv0                   
000024ef  __aeabi_ldiv0                   
00002719  GrContextInit                   
00002781  GrStringWidthGet                
000027e9  IntDisable                      
00002851  IntEnable                       
000028b9  __TI_decompress_lzss            
00002921  IntIsEnabled                    
00002985  USBBufferEventCallback          
00002b6d  USBDevEndpointStatusClear       
00002bcd  USBDBulkPacketWrite             
00002cd9  ULPIConfigSet                   
00002dcd  SysCtlPeripheralReset           
00002e1d  USBDCDConfigDescGet             
00002e6d  USBDeviceResumeTickHandler      
00002f55  USBEndpointDMAConfigSet         
00003037  USBDevEndpointStallClear        
00003115  USBDeviceEnumResetHandler       
0000315d  uDMAChannelAttributeDisable     
000031a5  USBEndpointDataGet              
000031ed  USBDCDDeviceInfoInit            
00003275  __TI_auto_init_nobinit_nopinit  
000032b9  USBDBulkInit                    
000032f9  __aeabi_uidiv                   
000032f9  __aeabi_uidivmod                
000033af  USBFIFOConfigSet                
000033e9  InternalUSBRegisterTickHandler  
00003421  InternalUSBStartOfFrameTick     
00003459  USBDCDConfigGetInterfaceEndpoint
00003491  USBIntStatusControl             
000034c9  USBRingBufAdvanceWrite          
00003501  USBEndpointDataPut              
0000356d  SysCtlPeripheralEnable          
000035a1  USBEndpointDataSend             
000035d5  _c_int00_noargs                 
000036d3  USBDevEndpointStall             
00003769  InternalUSBTickInit             
000037f9  GrStringNextCharGet             
00003827  GrFontBaselineGet               
00003853  USBDescGet                      
000038ff  USBDCDConfigDescGetNum          
00003929  USBDescGetNum                   
00003953  USBDevEndpointDataAck           
0000397d  ustrncpy                        
000039d1  USBIntEnableControl             
000039f9  uDMAChannelModeGet              
00003a21  GrFontInfoGet                   
00003a8f  USBEndpointDMADisable           
00003ab3  USBEndpointDMAEnable            
00003ad9  uDMAChannelControlSet           
00003afd  GrFontGlyphDataGet              
00003b41  USBDBulkRxPacketAvailable       
00003bc5  USBRingBufAdvanceRead           
00003be5  GrFontCodepageGet               
00003c03  USBRingBufContigFree            
00003c21  USBULPIRegRead                  
00003c3f  USBULPIRegWrite                 
00003c5d  USBDCDConfigGetInterface        
00003c79  USBDCDStallEP0                  
00003c95  USBEndpointDataAvail            
00003cb1  USBRingBufWrite                 
00003ccd  USBDCDConfigDescGetSize         
00003ce7  USBEndpointDMAChannel           
00003d01  usnprintf                       
00003d4d  USB0DeviceIntHandler            
00003d65  USBBufferInit                   
00003d7d  USBDCDFeatureGet                
00003dc5  uDMAChannelDisable              
00003ddd  uDMAChannelEnable               
00003e0b  GrStringDraw                    
00003e21  USBBufferDataWritten            
00003e37  USBIntEnableEndpoint            
00003e4d  USBRingBufFlush                 
00003e63  USBRingBufUsed                  
00003e8d  SysCtlUSBPLLEnable              
00003ea1  TxHandler                       
00003eb5  USBDBulkTxPacketAvailable       
00003ec9  USBDMAChannelConfigSet          
00003edd  USBHostResume                   
00003f29  USBBufferInfoGet                
00003f3b  USBDMAChannelDisable            
00003f4d  USBDMAChannelEnable             
00003f5f  USBDMAChannelIntDisable         
00003f71  USBDMAChannelIntEnable          
00003f83  USBRingBufFree                  
00003f95  IntMasterDisable                
00003fa5  IntMasterEnable                 
00003fb5  SysTickIntHandler               
00003fc5  USBEndpointStatus               
00003fd5  USBRingBufContigUsed            
00003fe5  USBRingBufWriteOne              
00004011  USBDMAChannelStatus             
0000401f  USBDevLPMDisable                
0000402d  USBDevLPMEnable                 
0000403b  USBULPIDisable                  
00004049  USBULPIEnable                   
00004057  __TI_decompress_none            
00004065  CPUcpsid                        
00004071  CPUcpsie                        
0000407d  USBEndpointPacketCountSet       
00004089  USBLPMIntEnable                 
00004095  USBRingBufInit                  
000040a1  __TI_zero_init                  
000040ad  USBClockEnable                  
000040b7  USBControllerVersion            
000040c1  USBDMAChannelAddressSet         
000040cb  USBDMAChannelCountSet           
000040d5  USBDevConnect                   
000040df  USBDevDisconnect                
000040e9  USBIntStatusEndpoint            
000040f3  GrMapISO8859_1_Unicode          
000040fb  USBDevMode                      
00004103  USBFIFOAddrGet                  
0000410b  USBOTGMode                      
00004123  GrContextFontSet                
00004129  ResetISR                        
0000412f  USBBufferFlush                  
00004135  USBBufferSpaceAvailable         
0000413b  USBDMAChannelIntStatus          
00004141  USBDevLPMConfig                 
00004147  USBLPMIntStatus                 
00004157  USBDevAddrSet                   
0000415b  _system_pre_init                
0000415f  C$$EXIT                         
0000415f  abort                           
0000445c  g_sFontFixed6x8                 
000045c8  g_pui8ConfigString              
000045f8  g_sBulkHandlers                 
00004628  g_sBulkConfigSection            
00004630  g_sBulkInterfaceSection         
00004638  g_sBulkInterfaceSectionHS       
00004640  g_sBulkConfigHeader             
00004648  g_sBulkConfigHeaderHS           
00004650  g_ppBulkConfigDescriptors       
00004654  g_ppBulkConfigDescriptorsHS     
00004658  g_pui8BulkInterface             
0000466f  g_pui8BulkInterfaceHS           
00004686  g_pui8DataInterfaceString       
000046ae  g_pui8ProductString             
000046d8  g_sCFAL96x64x16                 
00004700  g_pui8ManufacturerString        
00004724  g_ppui8StringDescriptors        
0000473c  g_pui8SerialNumberString        
00004750  g_psDefaultCodePointMapTable    
0000476c  g_pui8LangDescriptor            
00004818  __TI_Handler_Table_Base         
00004824  __TI_Handler_Table_Limit        
00004830  __TI_CINIT_Base                 
00004840  __TI_CINIT_Limit                
20000510  g_pui8USBRxBuffer               
20000610  g_pui8USBTxBuffer               
20000790  g_psDCDInst                     
20000820  g_sContext                      
2000084c  g_pfnTickHandlers               
20000864  g_pvTickInstance                
20000884  g_pcStatus                      
20000888  g_ppsDevInfo                    
20000898  __stack                         
20000c98  __STACK_END                     
20000c98  __STACK_TOP                     
20000c98  g_sBulkDevice                   
20000cdc  g_sRxBuffer                     
20000d14  g_sTxBuffer                     
20000d4c  g_pui8BulkDeviceDescriptor      
20000d5e  g_pui8BulkDescriptor            
20000d68  g_psBulkSections                
20000d70  g_psBulkSectionsHS              
20000da4  g_ui32SysTickCount              
20000da8  g_ui32TxCount                   
20000dac  g_ui32RxCount                   
20000db0  g_ui32Flags                     
20000db8  g_bUSBTimerInitialized          
20000dbc  g_ui32CurrentUSBTick            
20000dc0  g_ui32USBSOFCount               
20000dc4  g_iUSBMode                      
20000dc8  g_ui32WaitTicks                 
ffffffff  __TI_pprof_out_hndl             
ffffffff  __TI_prof_data_size             
ffffffff  __TI_prof_data_start            
ffffffff  __binit__                       
ffffffff  __c_args__                      
ffffffff  binit                           
UNDEFED   __mpu_init                      
UNDEFED   _system_post_cinit              

[218 symbols]
