<?xml version="1.0" encoding="ISO-8859-1" ?>
<link_info>
   <banner>TI ARM Linker Unix v18.12.2.LTS</banner>
   <copyright>Copyright (c) 1996-2018 Texas Instruments Incorporated</copyright>
   <link_time>0x5d9031d5</link_time>
   <link_errors>0x0</link_errors>
   <output_file>usb_dev_bulk.out</output_file>
   <entry_point>
      <name>_c_int00_noargs</name>
      <address>0x35d5</address>
   </entry_point>
   <input_file_list>
      <input_file id="fl-1">
         <path>./</path>
         <kind>object</kind>
         <file>startup_ccs.obj</file>
         <name>startup_ccs.obj</name>
      </input_file>
      <input_file id="fl-2">
         <path>./</path>
         <kind>object</kind>
         <file>usb_bulk_structs.obj</file>
         <name>usb_bulk_structs.obj</name>
      </input_file>
      <input_file id="fl-3">
         <path>./</path>
         <kind>object</kind>
         <file>usb_dev_bulk.obj</file>
         <name>usb_dev_bulk.obj</name>
      </input_file>
      <input_file id="fl-4">
         <path>./drivers/</path>
         <kind>object</kind>
         <file>cfal96x64x16.obj</file>
         <name>cfal96x64x16.obj</name>
      </input_file>
      <input_file id="fl-5">
         <path>./utils/</path>
         <kind>object</kind>
         <file>uartstdio.obj</file>
         <name>uartstdio.obj</name>
      </input_file>
      <input_file id="fl-6">
         <path>./utils/</path>
         <kind>object</kind>
         <file>ustdlib.obj</file>
         <name>ustdlib.obj</name>
      </input_file>
      <input_file id="fl-d">
         <kind>object</kind>
         <file>&lt;internal&gt;</file>
         <name>&lt;internal&gt;</name>
      </input_file>
      <input_file id="fl-c3">
         <path>/home/quynhpp/ti/ccs910/ccs/tools/compiler/ti-cgt-arm_18.12.2.LTS/lib/</path>
         <kind>archive</kind>
         <file>rtsv7M4_T_le_v4SPD16_eabi.lib</file>
         <name>u_divt2.asm.obj</name>
      </input_file>
      <input_file id="fl-c4">
         <path>/home/quynhpp/ti/ccs910/ccs/tools/compiler/ti-cgt-arm_18.12.2.LTS/lib/</path>
         <kind>archive</kind>
         <file>rtsv7M4_T_le_v4SPD16_eabi.lib</file>
         <name>copy_zero_init.c.obj</name>
      </input_file>
      <input_file id="fl-c5">
         <path>/home/quynhpp/ti/ccs910/ccs/tools/compiler/ti-cgt-arm_18.12.2.LTS/lib/</path>
         <kind>archive</kind>
         <file>rtsv7M4_T_le_v4SPD16_eabi.lib</file>
         <name>copy_decompress_none.c.obj</name>
      </input_file>
      <input_file id="fl-c6">
         <path>/home/quynhpp/ti/ccs910/ccs/tools/compiler/ti-cgt-arm_18.12.2.LTS/lib/</path>
         <kind>archive</kind>
         <file>rtsv7M4_T_le_v4SPD16_eabi.lib</file>
         <name>copy_decompress_lzss.c.obj</name>
      </input_file>
      <input_file id="fl-c7">
         <path>/home/quynhpp/ti/ccs910/ccs/tools/compiler/ti-cgt-arm_18.12.2.LTS/lib/</path>
         <kind>archive</kind>
         <file>rtsv7M4_T_le_v4SPD16_eabi.lib</file>
         <name>boot_cortex_m.c.obj</name>
      </input_file>
      <input_file id="fl-c8">
         <path>/home/quynhpp/ti/ccs910/ccs/tools/compiler/ti-cgt-arm_18.12.2.LTS/lib/</path>
         <kind>archive</kind>
         <file>rtsv7M4_T_le_v4SPD16_eabi.lib</file>
         <name>div0.asm.obj</name>
      </input_file>
      <input_file id="fl-c9">
         <path>/home/quynhpp/ti/ccs910/ccs/tools/compiler/ti-cgt-arm_18.12.2.LTS/lib/</path>
         <kind>archive</kind>
         <file>rtsv7M4_T_le_v4SPD16_eabi.lib</file>
         <name>memset_t2.asm.obj</name>
      </input_file>
      <input_file id="fl-ca">
         <path>/home/quynhpp/ti/ccs910/ccs/tools/compiler/ti-cgt-arm_18.12.2.LTS/lib/</path>
         <kind>archive</kind>
         <file>rtsv7M4_T_le_v4SPD16_eabi.lib</file>
         <name>memcpy_t2.asm.obj</name>
      </input_file>
      <input_file id="fl-cb">
         <path>/home/quynhpp/ti/ccs910/ccs/tools/compiler/ti-cgt-arm_18.12.2.LTS/lib/</path>
         <kind>archive</kind>
         <file>rtsv7M4_T_le_v4SPD16_eabi.lib</file>
         <name>autoinit.c.obj</name>
      </input_file>
      <input_file id="fl-cc">
         <path>/home/quynhpp/ti/ccs910/ccs/tools/compiler/ti-cgt-arm_18.12.2.LTS/lib/</path>
         <kind>archive</kind>
         <file>rtsv7M4_T_le_v4SPD16_eabi.lib</file>
         <name>pre_init.c.obj</name>
      </input_file>
      <input_file id="fl-cd">
         <path>/home/quynhpp/ti/ccs910/ccs/tools/compiler/ti-cgt-arm_18.12.2.LTS/lib/</path>
         <kind>archive</kind>
         <file>rtsv7M4_T_le_v4SPD16_eabi.lib</file>
         <name>cpy_tbl.c.obj</name>
      </input_file>
      <input_file id="fl-ce">
         <path>/home/quynhpp/ti/ccs910/ccs/tools/compiler/ti-cgt-arm_18.12.2.LTS/lib/</path>
         <kind>archive</kind>
         <file>rtsv7M4_T_le_v4SPD16_eabi.lib</file>
         <name>exit.c.obj</name>
      </input_file>
      <input_file id="fl-cf">
         <path>/home/quynhpp/ti/ccs910/ccs/tools/compiler/ti-cgt-arm_18.12.2.LTS/lib/</path>
         <kind>archive</kind>
         <file>rtsv7M4_T_le_v4SPD16_eabi.lib</file>
         <name>_lock.c.obj</name>
      </input_file>
      <input_file id="fl-d0">
         <path>/home/quynhpp/ti/ccs910/ccs/tools/compiler/ti-cgt-arm_18.12.2.LTS/lib/</path>
         <kind>archive</kind>
         <file>rtsv7M4_T_le_v4SPD16_eabi.lib</file>
         <name>args_main.c.obj</name>
      </input_file>
      <input_file id="fl-d1">
         <path>/home/quynhpp/ti/tivaware_c_series_2_1_4_178/grlib/ccs/Debug/</path>
         <kind>archive</kind>
         <file>grlib.lib</file>
         <name>context.obj</name>
      </input_file>
      <input_file id="fl-d2">
         <path>/home/quynhpp/ti/tivaware_c_series_2_1_4_178/grlib/ccs/Debug/</path>
         <kind>archive</kind>
         <file>grlib.lib</file>
         <name>rectangle.obj</name>
      </input_file>
      <input_file id="fl-d3">
         <path>/home/quynhpp/ti/tivaware_c_series_2_1_4_178/grlib/ccs/Debug/</path>
         <kind>archive</kind>
         <file>grlib.lib</file>
         <name>string.obj</name>
      </input_file>
      <input_file id="fl-d4">
         <path>/home/quynhpp/ti/tivaware_c_series_2_1_4_178/grlib/ccs/Debug/</path>
         <kind>archive</kind>
         <file>grlib.lib</file>
         <name>fontfixed6x8.obj</name>
      </input_file>
      <input_file id="fl-d5">
         <path>/home/quynhpp/ti/tivaware_c_series_2_1_4_178/grlib/ccs/Debug/</path>
         <kind>archive</kind>
         <file>grlib.lib</file>
         <name>charmap.obj</name>
      </input_file>
      <input_file id="fl-d6">
         <path>/home/quynhpp/ti/tivaware_c_series_2_1_4_178/grlib/ccs/Debug/</path>
         <kind>archive</kind>
         <file>grlib.lib</file>
         <name>line.obj</name>
      </input_file>
      <input_file id="fl-d7">
         <path>/home/quynhpp/ti/tivaware_c_series_2_1_4_178/usblib/ccs/Debug/</path>
         <kind>archive</kind>
         <file>usblib.lib</file>
         <name>usbbuffer.obj</name>
      </input_file>
      <input_file id="fl-d8">
         <path>/home/quynhpp/ti/tivaware_c_series_2_1_4_178/usblib/ccs/Debug/</path>
         <kind>archive</kind>
         <file>usblib.lib</file>
         <name>usbringbuf.obj</name>
      </input_file>
      <input_file id="fl-d9">
         <path>/home/quynhpp/ti/tivaware_c_series_2_1_4_178/usblib/ccs/Debug/</path>
         <kind>archive</kind>
         <file>usblib.lib</file>
         <name>usbdbulk.obj</name>
      </input_file>
      <input_file id="fl-da">
         <path>/home/quynhpp/ti/tivaware_c_series_2_1_4_178/usblib/ccs/Debug/</path>
         <kind>archive</kind>
         <file>usblib.lib</file>
         <name>usbdenum.obj</name>
      </input_file>
      <input_file id="fl-db">
         <path>/home/quynhpp/ti/tivaware_c_series_2_1_4_178/usblib/ccs/Debug/</path>
         <kind>archive</kind>
         <file>usblib.lib</file>
         <name>usbdhandler.obj</name>
      </input_file>
      <input_file id="fl-dc">
         <path>/home/quynhpp/ti/tivaware_c_series_2_1_4_178/usblib/ccs/Debug/</path>
         <kind>archive</kind>
         <file>usblib.lib</file>
         <name>usbdma.obj</name>
      </input_file>
      <input_file id="fl-dd">
         <path>/home/quynhpp/ti/tivaware_c_series_2_1_4_178/usblib/ccs/Debug/</path>
         <kind>archive</kind>
         <file>usblib.lib</file>
         <name>usbmode.obj</name>
      </input_file>
      <input_file id="fl-de">
         <path>/home/quynhpp/ti/tivaware_c_series_2_1_4_178/usblib/ccs/Debug/</path>
         <kind>archive</kind>
         <file>usblib.lib</file>
         <name>usbtick.obj</name>
      </input_file>
      <input_file id="fl-df">
         <path>/home/quynhpp/ti/tivaware_c_series_2_1_4_178/usblib/ccs/Debug/</path>
         <kind>archive</kind>
         <file>usblib.lib</file>
         <name>usbulpi.obj</name>
      </input_file>
      <input_file id="fl-e0">
         <path>/home/quynhpp/ti/tivaware_c_series_2_1_4_178/usblib/ccs/Debug/</path>
         <kind>archive</kind>
         <file>usblib.lib</file>
         <name>usbhostenum.obj</name>
      </input_file>
      <input_file id="fl-e1">
         <path>/home/quynhpp/ti/tivaware_c_series_2_1_4_178/usblib/ccs/Debug/</path>
         <kind>archive</kind>
         <file>usblib.lib</file>
         <name>usbdcdesc.obj</name>
      </input_file>
      <input_file id="fl-e2">
         <path>/home/quynhpp/ti/tivaware_c_series_2_1_4_178/usblib/ccs/Debug/</path>
         <kind>archive</kind>
         <file>usblib.lib</file>
         <name>usbdconfig.obj</name>
      </input_file>
      <input_file id="fl-e3">
         <path>/home/quynhpp/ti/tivaware_c_series_2_1_4_178/usblib/ccs/Debug/</path>
         <kind>archive</kind>
         <file>usblib.lib</file>
         <name>usbdesc.obj</name>
      </input_file>
      <input_file id="fl-e4">
         <path>/home/quynhpp/ti/tivaware_c_series_2_1_4_178/usblib/ccs/Debug/</path>
         <kind>archive</kind>
         <file>usblib.lib</file>
         <name>usbhhub.obj</name>
      </input_file>
      <input_file id="fl-e5">
         <path>/home/quynhpp/ti/tivaware_c_series_2_1_4_178/driverlib/ccs/Debug/</path>
         <kind>archive</kind>
         <file>driverlib.lib</file>
         <name>interrupt.obj</name>
      </input_file>
      <input_file id="fl-e6">
         <path>/home/quynhpp/ti/tivaware_c_series_2_1_4_178/driverlib/ccs/Debug/</path>
         <kind>archive</kind>
         <file>driverlib.lib</file>
         <name>sysctl.obj</name>
      </input_file>
      <input_file id="fl-e7">
         <path>/home/quynhpp/ti/tivaware_c_series_2_1_4_178/driverlib/ccs/Debug/</path>
         <kind>archive</kind>
         <file>driverlib.lib</file>
         <name>udma.obj</name>
      </input_file>
      <input_file id="fl-e8">
         <path>/home/quynhpp/ti/tivaware_c_series_2_1_4_178/driverlib/ccs/Debug/</path>
         <kind>archive</kind>
         <file>driverlib.lib</file>
         <name>usb.obj</name>
      </input_file>
      <input_file id="fl-e9">
         <path>/home/quynhpp/ti/tivaware_c_series_2_1_4_178/driverlib/ccs/Debug/</path>
         <kind>archive</kind>
         <file>driverlib.lib</file>
         <name>cpu.obj</name>
      </input_file>
   </input_file_list>
   <object_component_list>
      <object_component id="oc-f">
         <name>.intvecs</name>
         <load_address>0x0</load_address>
         <run_address>0x0</run_address>
         <size>0x26c</size>
         <input_file_ref idref="fl-1"/>
      </object_component>
      <object_component id="oc-fc">
         <name>.text:main</name>
         <load_address>0x26c</load_address>
         <run_address>0x26c</run_address>
         <size>0x268</size>
         <input_file_ref idref="fl-3"/>
      </object_component>
      <object_component id="oc-3b3">
         <name>.text:GrFontGlyphRender</name>
         <load_address>0x4d4</load_address>
         <run_address>0x4d4</run_address>
         <size>0x254</size>
         <input_file_ref idref="fl-d3"/>
      </object_component>
      <object_component id="oc-2e6">
         <name>.text:uvsnprintf</name>
         <load_address>0x728</load_address>
         <run_address>0x728</run_address>
         <size>0x251</size>
         <input_file_ref idref="fl-6"/>
      </object_component>
      <object_component id="oc-311">
         <name>.text:CFAL96x64x16Flush</name>
         <load_address>0x97a</load_address>
         <run_address>0x97a</run_address>
         <size>0x2</size>
         <input_file_ref idref="fl-4"/>
      </object_component>
      <object_component id="oc-177">
         <name>.text:CFAL96x64x16Init</name>
         <load_address>0x97c</load_address>
         <run_address>0x97c</run_address>
         <size>0x184</size>
         <input_file_ref idref="fl-4"/>
      </object_component>
      <object_component id="oc-42">
         <name>.text:UARTStdioIntHandler</name>
         <load_address>0xb00</load_address>
         <run_address>0xb00</run_address>
         <size>0x160</size>
         <input_file_ref idref="fl-5"/>
      </object_component>
      <object_component id="oc-44f">
         <name>.text:USBLibDMAInit</name>
         <load_address>0xc60</load_address>
         <run_address>0xc60</run_address>
         <size>0x160</size>
         <input_file_ref idref="fl-dc"/>
      </object_component>
      <object_component id="oc-2db">
         <name>.text:USBDCDInit</name>
         <load_address>0xdc0</load_address>
         <run_address>0xdc0</run_address>
         <size>0x150</size>
         <input_file_ref idref="fl-da"/>
      </object_component>
      <object_component id="oc-26a">
         <name>.text:USBDEP0StateTxConfig</name>
         <load_address>0xf10</load_address>
         <run_address>0xf10</run_address>
         <size>0x150</size>
         <input_file_ref idref="fl-da"/>
      </object_component>
      <object_component id="oc-c8">
         <name>.text:USBDeviceIntHandlerInternal</name>
         <load_address>0x1060</load_address>
         <run_address>0x1060</run_address>
         <size>0x150</size>
         <input_file_ref idref="fl-da"/>
      </object_component>
      <object_component id="oc-6df">
         <name>.text:USBDeviceConfig</name>
         <load_address>0x11b0</load_address>
         <run_address>0x11b0</run_address>
         <size>0x148</size>
         <input_file_ref idref="fl-e2"/>
      </object_component>
      <object_component id="oc-2f9">
         <name>.text:CFAL96x64x16PixelDrawMultiple</name>
         <load_address>0x12f8</load_address>
         <run_address>0x12f8</run_address>
         <size>0x13a</size>
         <input_file_ref idref="fl-4"/>
      </object_component>
      <object_component id="oc-632">
         <name>.text:iDMAUSBTransfer</name>
         <load_address>0x1432</load_address>
         <run_address>0x1432</run_address>
         <size>0xf4</size>
         <input_file_ref idref="fl-dc"/>
      </object_component>
      <object_component id="oc-30">
         <name>.text:FaultISR</name>
         <load_address>0x1526</load_address>
         <run_address>0x1526</run_address>
         <size>0x2</size>
         <input_file_ref idref="fl-1"/>
      </object_component>
      <object_component id="oc-52a">
         <name>.text:USBDGetDescriptor</name>
         <load_address>0x1528</load_address>
         <run_address>0x1528</run_address>
         <size>0xe4</size>
         <input_file_ref idref="fl-da"/>
      </object_component>
      <object_component id="oc-14e">
         <name>.text:USBDeviceEnumHandler</name>
         <load_address>0x160c</load_address>
         <run_address>0x160c</run_address>
         <size>0xd8</size>
         <input_file_ref idref="fl-da"/>
      </object_component>
      <object_component id="oc-5c0">
         <name>.text:uDMAUSBChannelAllocate</name>
         <load_address>0x16e4</load_address>
         <run_address>0x16e4</run_address>
         <size>0xc4</size>
         <input_file_ref idref="fl-dc"/>
      </object_component>
      <object_component id="oc-29a">
         <name>.text:GrDefaultStringRenderer</name>
         <load_address>0x17a8</load_address>
         <run_address>0x17a8</run_address>
         <size>0xc0</size>
         <input_file_ref idref="fl-d3"/>
      </object_component>
      <object_component id="oc-4cd">
         <name>.text:HandleRxAvailable</name>
         <load_address>0x1868</load_address>
         <run_address>0x1868</run_address>
         <size>0xbe</size>
         <input_file_ref idref="fl-d7"/>
      </object_component>
      <object_component id="oc-602">
         <name>.text:uDMAUSBTransfer</name>
         <load_address>0x1926</load_address>
         <run_address>0x1926</run_address>
         <size>0xbc</size>
         <input_file_ref idref="fl-dc"/>
      </object_component>
      <object_component id="oc-36">
         <name>.text:IntDefaultHandler</name>
         <load_address>0x19e2</load_address>
         <run_address>0x19e2</run_address>
         <size>0x2</size>
         <input_file_ref idref="fl-1"/>
      </object_component>
      <object_component id="oc-1a1">
         <name>.text:DisplayStatus</name>
         <load_address>0x19e4</load_address>
         <run_address>0x19e4</run_address>
         <size>0xb8</size>
         <input_file_ref idref="fl-3"/>
      </object_component>
      <object_component id="oc-a2">
         <name>.text:UARTwrite</name>
         <load_address>0x1a9c</load_address>
         <run_address>0x1a9c</run_address>
         <size>0xa8</size>
         <input_file_ref idref="fl-5"/>
      </object_component>
      <object_component id="oc-2d5">
         <name>.text:USBDBulkCompositeInit</name>
         <load_address>0x1b44</load_address>
         <run_address>0x1b44</run_address>
         <size>0x9c</size>
         <input_file_ref idref="fl-d9"/>
      </object_component>
      <object_component id="oc-5c">
         <name>.text</name>
         <load_address>0x1be0</load_address>
         <run_address>0x1be0</run_address>
         <size>0x9c</size>
         <input_file_ref idref="fl-ca"/>
      </object_component>
      <object_component id="oc-548">
         <name>.text:USBDSetInterface</name>
         <load_address>0x1c7c</load_address>
         <run_address>0x1c7c</run_address>
         <size>0x98</size>
         <input_file_ref idref="fl-da"/>
      </object_component>
      <object_component id="oc-68f">
         <name>.text:ScheduleNextTransmission</name>
         <load_address>0x1d14</load_address>
         <run_address>0x1d14</run_address>
         <size>0x92</size>
         <input_file_ref idref="fl-d7"/>
      </object_component>
      <object_component id="oc-2a">
         <name>.text:NmiSR</name>
         <load_address>0x1da6</load_address>
         <run_address>0x1da6</run_address>
         <size>0x2</size>
         <input_file_ref idref="fl-1"/>
      </object_component>
      <object_component id="oc-4a0">
         <name>.text:EchoNewDataToHost</name>
         <load_address>0x1da8</load_address>
         <run_address>0x1da8</run_address>
         <size>0x90</size>
         <input_file_ref idref="fl-3"/>
      </object_component>
      <object_component id="oc-337">
         <name>.text:RxHandler</name>
         <load_address>0x1e38</load_address>
         <run_address>0x1e38</run_address>
         <size>0x90</size>
         <input_file_ref idref="fl-3"/>
      </object_component>
      <object_component id="oc-53c">
         <name>.text:USBDSetConfiguration</name>
         <load_address>0x1ec8</load_address>
         <run_address>0x1ec8</run_address>
         <size>0x90</size>
         <input_file_ref idref="fl-da"/>
      </object_component>
      <object_component id="oc-305">
         <name>.text:CFAL96x64x16LineDrawV</name>
         <load_address>0x1f58</load_address>
         <run_address>0x1f58</run_address>
         <size>0x8e</size>
         <input_file_ref idref="fl-4"/>
      </object_component>
      <object_component id="oc-60e">
         <name>.text:iDMAUSBArbSizeSet</name>
         <load_address>0x1fe6</load_address>
         <run_address>0x1fe6</run_address>
         <size>0x2</size>
         <input_file_ref idref="fl-dc"/>
      </object_component>
      <object_component id="oc-96">
         <name>.text:UARTPrimeTransmit</name>
         <load_address>0x1fe8</load_address>
         <run_address>0x1fe8</run_address>
         <size>0x8c</size>
         <input_file_ref idref="fl-5"/>
      </object_component>
      <object_component id="oc-6f3">
         <name>.text:USBDeviceConfigAlternate</name>
         <load_address>0x2074</load_address>
         <run_address>0x2074</run_address>
         <size>0x8c</size>
         <input_file_ref idref="fl-e2"/>
      </object_component>
      <object_component id="oc-183">
         <name>.text:GrRectFill</name>
         <load_address>0x2100</load_address>
         <run_address>0x2100</run_address>
         <size>0x86</size>
         <input_file_ref idref="fl-d2"/>
      </object_component>
      <object_component id="oc-614">
         <name>.text:iDMAUSBChannelAllocate</name>
         <load_address>0x2186</load_address>
         <run_address>0x2186</run_address>
         <size>0x84</size>
         <input_file_ref idref="fl-dc"/>
      </object_component>
      <object_component id="oc-64a">
         <name>.text:iDMAUSBUnitSizeSet</name>
         <load_address>0x220a</load_address>
         <run_address>0x220a</run_address>
         <size>0x2</size>
         <input_file_ref idref="fl-dc"/>
      </object_component>
      <object_component id="oc-76f">
         <name>.text:uDMAChannelTransferSet</name>
         <load_address>0x220c</load_address>
         <run_address>0x220c</run_address>
         <size>0x84</size>
         <input_file_ref idref="fl-e7"/>
      </object_component>
      <object_component id="oc-518">
         <name>.text:USBDClearFeature</name>
         <load_address>0x2290</load_address>
         <run_address>0x2290</run_address>
         <size>0x80</size>
         <input_file_ref idref="fl-da"/>
      </object_component>
      <object_component id="oc-814">
         <name>.text:USBDevEndpointConfigSet</name>
         <load_address>0x2310</load_address>
         <run_address>0x2310</run_address>
         <size>0x7a</size>
         <input_file_ref idref="fl-e8"/>
      </object_component>
      <object_component id="oc-f0">
         <name>.text</name>
         <load_address>0x238a</load_address>
         <run_address>0x238a</run_address>
         <size>0x7a</size>
         <input_file_ref idref="fl-c9"/>
      </object_component>
      <object_component id="oc-512">
         <name>.text:USBDGetStatus</name>
         <load_address>0x2404</load_address>
         <run_address>0x2404</run_address>
         <size>0x78</size>
         <input_file_ref idref="fl-da"/>
      </object_component>
      <object_component id="oc-33d">
         <name>.text:USBDBulkPacketRead</name>
         <load_address>0x247c</load_address>
         <run_address>0x247c</run_address>
         <size>0x72</size>
         <input_file_ref idref="fl-d9"/>
      </object_component>
      <object_component id="oc-65f">
         <name>.text</name>
         <load_address>0x24ee</load_address>
         <run_address>0x24ee</run_address>
         <size>0x2</size>
         <input_file_ref idref="fl-c8"/>
      </object_component>
      <object_component id="oc-270">
         <name>.text:USBDEP0StateTx</name>
         <load_address>0x24f0</load_address>
         <run_address>0x24f0</run_address>
         <size>0x70</size>
         <input_file_ref idref="fl-da"/>
      </object_component>
      <object_component id="oc-5ba">
         <name>.text:uDMAUSBArbSizeSet</name>
         <load_address>0x2560</load_address>
         <run_address>0x2560</run_address>
         <size>0x70</size>
         <input_file_ref idref="fl-dc"/>
      </object_component>
      <object_component id="oc-608">
         <name>.text:uDMAUSBUnitSizeSet</name>
         <load_address>0x25d0</load_address>
         <run_address>0x25d0</run_address>
         <size>0x70</size>
         <input_file_ref idref="fl-dc"/>
      </object_component>
      <object_component id="oc-2ff">
         <name>.text:CFAL96x64x16LineDrawH</name>
         <load_address>0x2640</load_address>
         <run_address>0x2640</run_address>
         <size>0x6c</size>
         <input_file_ref idref="fl-4"/>
      </object_component>
      <object_component id="oc-51e">
         <name>.text:USBDSetFeature</name>
         <load_address>0x26ac</load_address>
         <run_address>0x26ac</run_address>
         <size>0x6c</size>
         <input_file_ref idref="fl-da"/>
      </object_component>
      <object_component id="oc-17d">
         <name>.text:GrContextInit</name>
         <load_address>0x2718</load_address>
         <run_address>0x2718</run_address>
         <size>0x68</size>
         <input_file_ref idref="fl-d1"/>
      </object_component>
      <object_component id="oc-18f">
         <name>.text:GrStringWidthGet</name>
         <load_address>0x2780</load_address>
         <run_address>0x2780</run_address>
         <size>0x68</size>
         <input_file_ref idref="fl-d3"/>
      </object_component>
      <object_component id="oc-748">
         <name>.text:IntDisable</name>
         <load_address>0x27e8</load_address>
         <run_address>0x27e8</run_address>
         <size>0x68</size>
         <input_file_ref idref="fl-e5"/>
      </object_component>
      <object_component id="oc-467">
         <name>.text:IntEnable</name>
         <load_address>0x2850</load_address>
         <run_address>0x2850</run_address>
         <size>0x68</size>
         <input_file_ref idref="fl-e5"/>
      </object_component>
      <object_component id="oc-12">
         <name>.text:decompress:lzss:__TI_decompress_lzss</name>
         <load_address>0x28b8</load_address>
         <run_address>0x28b8</run_address>
         <size>0x68</size>
         <input_file_ref idref="fl-c6"/>
      </object_component>
      <object_component id="oc-742">
         <name>.text:IntIsEnabled</name>
         <load_address>0x2920</load_address>
         <run_address>0x2920</run_address>
         <size>0x64</size>
         <input_file_ref idref="fl-e5"/>
      </object_component>
      <object_component id="oc-34c">
         <name>.text:USBBufferEventCallback</name>
         <load_address>0x2984</load_address>
         <run_address>0x2984</run_address>
         <size>0x64</size>
         <input_file_ref idref="fl-d7"/>
      </object_component>
      <object_component id="oc-5cc">
         <name>.text:uDMAUSBChannelEnable</name>
         <load_address>0x29e8</load_address>
         <run_address>0x29e8</run_address>
         <size>0x64</size>
         <input_file_ref idref="fl-dc"/>
      </object_component>
      <object_component id="oc-589">
         <name>.text:HandleDevice</name>
         <load_address>0x2a4c</load_address>
         <run_address>0x2a4c</run_address>
         <size>0x60</size>
         <input_file_ref idref="fl-d9"/>
      </object_component>
      <object_component id="oc-703">
         <name>.text:ProcessDataFromHost</name>
         <load_address>0x2aac</load_address>
         <run_address>0x2aac</run_address>
         <size>0x60</size>
         <input_file_ref idref="fl-d9"/>
      </object_component>
      <object_component id="oc-264">
         <name>.text:USBDReadAndDispatchRequest</name>
         <load_address>0x2b0c</load_address>
         <run_address>0x2b0c</run_address>
         <size>0x60</size>
         <input_file_ref idref="fl-da"/>
      </object_component>
      <object_component id="oc-24c">
         <name>.text:USBDevEndpointStatusClear</name>
         <load_address>0x2b6c</load_address>
         <run_address>0x2b6c</run_address>
         <size>0x5e</size>
         <input_file_ref idref="fl-e8"/>
      </object_component>
      <object_component id="oc-5d8">
         <name>.text:uDMAUSBChannelIntDisable</name>
         <load_address>0x2bca</load_address>
         <run_address>0x2bca</run_address>
         <size>0x2</size>
         <input_file_ref idref="fl-dc"/>
      </object_component>
      <object_component id="oc-326">
         <name>.text:USBDBulkPacketWrite</name>
         <load_address>0x2bcc</load_address>
         <run_address>0x2bcc</run_address>
         <size>0x5c</size>
         <input_file_ref idref="fl-d9"/>
      </object_component>
      <object_component id="oc-3d0">
         <name>.text:FontWideGlyphDataGet</name>
         <load_address>0x2c28</load_address>
         <run_address>0x2c28</run_address>
         <size>0x5a</size>
         <input_file_ref idref="fl-d3"/>
      </object_component>
      <object_component id="oc-5de">
         <name>.text:uDMAUSBChannelRelease</name>
         <load_address>0x2c82</load_address>
         <run_address>0x2c82</run_address>
         <size>0x56</size>
         <input_file_ref idref="fl-dc"/>
      </object_component>
      <object_component id="oc-425">
         <name>.text:ULPIConfigSet</name>
         <load_address>0x2cd8</load_address>
         <run_address>0x2cd8</run_address>
         <size>0x52</size>
         <input_file_ref idref="fl-df"/>
      </object_component>
      <object_component id="oc-5d2">
         <name>.text:uDMAUSBChannelIntEnable</name>
         <load_address>0x2d2a</load_address>
         <run_address>0x2d2a</run_address>
         <size>0x2</size>
         <input_file_ref idref="fl-dc"/>
      </object_component>
      <object_component id="oc-28a">
         <name>.text:CFAL96x64x16WriteCommand</name>
         <load_address>0x2d2c</load_address>
         <run_address>0x2d2c</run_address>
         <size>0x50</size>
         <input_file_ref idref="fl-4"/>
      </object_component>
      <object_component id="oc-489">
         <name>.text:CFAL96x64x16WriteData</name>
         <load_address>0x2d7c</load_address>
         <run_address>0x2d7c</run_address>
         <size>0x50</size>
         <input_file_ref idref="fl-4"/>
      </object_component>
      <object_component id="oc-407">
         <name>.text:SysCtlPeripheralReset</name>
         <load_address>0x2dcc</load_address>
         <run_address>0x2dcc</run_address>
         <size>0x50</size>
         <input_file_ref idref="fl-e6"/>
      </object_component>
      <object_component id="oc-802">
         <name>.text:USBDCDConfigDescGet</name>
         <load_address>0x2e1c</load_address>
         <run_address>0x2e1c</run_address>
         <size>0x50</size>
         <input_file_ref idref="fl-e1"/>
      </object_component>
      <object_component id="oc-130">
         <name>.text:USBDeviceResumeTickHandler</name>
         <load_address>0x2e6c</load_address>
         <run_address>0x2e6c</run_address>
         <size>0x50</size>
         <input_file_ref idref="fl-da"/>
      </object_component>
      <object_component id="oc-80e">
         <name>.text:GetEPDescriptorType</name>
         <load_address>0x2ebc</load_address>
         <run_address>0x2ebc</run_address>
         <size>0x4c</size>
         <input_file_ref idref="fl-e2"/>
      </object_component>
      <object_component id="oc-6d6">
         <name>.text:USBDStringIndexFromRequest</name>
         <load_address>0x2f08</load_address>
         <run_address>0x2f08</run_address>
         <size>0x4c</size>
         <input_file_ref idref="fl-da"/>
      </object_component>
      <object_component id="oc-77b">
         <name>.text:USBEndpointDMAConfigSet</name>
         <load_address>0x2f54</load_address>
         <run_address>0x2f54</run_address>
         <size>0x4c</size>
         <input_file_ref idref="fl-e8"/>
      </object_component>
      <object_component id="oc-63e">
         <name>.text:iDMAUSBChannelEnable</name>
         <load_address>0x2fa0</load_address>
         <run_address>0x2fa0</run_address>
         <size>0x4c</size>
         <input_file_ref idref="fl-dc"/>
      </object_component>
      <object_component id="oc-82f">
         <name>.text:ConfigAlternateInterfaceGet</name>
         <load_address>0x2fec</load_address>
         <run_address>0x2fec</run_address>
         <size>0x4a</size>
         <input_file_ref idref="fl-e1"/>
      </object_component>
      <object_component id="oc-6cd">
         <name>.text:USBDevEndpointStallClear</name>
         <load_address>0x3036</load_address>
         <run_address>0x3036</run_address>
         <size>0x4a</size>
         <input_file_ref idref="fl-e8"/>
      </object_component>
      <object_component id="oc-2ae">
         <name>.text:UpdateContextCharMapping</name>
         <load_address>0x3080</load_address>
         <run_address>0x3080</run_address>
         <size>0x4a</size>
         <input_file_ref idref="fl-d3"/>
      </object_component>
      <object_component id="oc-5c6">
         <name>.text:uDMAUSBChannelDisable</name>
         <load_address>0x30ca</load_address>
         <run_address>0x30ca</run_address>
         <size>0x4a</size>
         <input_file_ref idref="fl-dc"/>
      </object_component>
      <object_component id="oc-12a">
         <name>.text:USBDeviceEnumResetHandler</name>
         <load_address>0x3114</load_address>
         <run_address>0x3114</run_address>
         <size>0x48</size>
         <input_file_ref idref="fl-da"/>
      </object_component>
      <object_component id="oc-72e">
         <name>.text:uDMAChannelAttributeDisable</name>
         <load_address>0x315c</load_address>
         <run_address>0x315c</run_address>
         <size>0x48</size>
         <input_file_ref idref="fl-e7"/>
      </object_component>
      <object_component id="oc-258">
         <name>.text:USBEndpointDataGet</name>
         <load_address>0x31a4</load_address>
         <run_address>0x31a4</run_address>
         <size>0x46</size>
         <input_file_ref idref="fl-e8"/>
      </object_component>
      <object_component id="oc-3e8">
         <name>.text:USBDCDDeviceInfoInit</name>
         <load_address>0x31ec</load_address>
         <run_address>0x31ec</run_address>
         <size>0x44</size>
         <input_file_ref idref="fl-da"/>
      </object_component>
      <object_component id="oc-542">
         <name>.text:USBDGetInterface</name>
         <load_address>0x3230</load_address>
         <run_address>0x3230</run_address>
         <size>0x44</size>
         <input_file_ref idref="fl-da"/>
      </object_component>
      <object_component id="oc-1e1">
         <name>.text:__TI_auto_init_nobinit_nopinit:__TI_auto_init_nobinit_nopinit</name>
         <load_address>0x3274</load_address>
         <run_address>0x3274</run_address>
         <size>0x44</size>
         <input_file_ref idref="fl-cb"/>
      </object_component>
      <object_component id="oc-1ad">
         <name>.text:USBDBulkInit</name>
         <load_address>0x32b8</load_address>
         <run_address>0x32b8</run_address>
         <size>0x40</size>
         <input_file_ref idref="fl-d9"/>
      </object_component>
      <object_component id="oc-481">
         <name>.text</name>
         <load_address>0x32f8</load_address>
         <run_address>0x32f8</run_address>
         <size>0x40</size>
         <input_file_ref idref="fl-c3"/>
      </object_component>
      <object_component id="oc-638">
         <name>.text:iDMAUSBChannelRelease</name>
         <load_address>0x3338</load_address>
         <run_address>0x3338</run_address>
         <size>0x3c</size>
         <input_file_ref idref="fl-dc"/>
      </object_component>
      <object_component id="oc-3d6">
         <name>.text:FontGlyphDataGet</name>
         <load_address>0x3374</load_address>
         <run_address>0x3374</run_address>
         <size>0x3a</size>
         <input_file_ref idref="fl-d3"/>
      </object_component>
      <object_component id="oc-820">
         <name>.text:USBFIFOConfigSet</name>
         <load_address>0x33ae</load_address>
         <run_address>0x33ae</run_address>
         <size>0x3a</size>
         <input_file_ref idref="fl-e8"/>
      </object_component>
      <object_component id="oc-3f4">
         <name>.text:InternalUSBRegisterTickHandler</name>
         <load_address>0x33e8</load_address>
         <run_address>0x33e8</run_address>
         <size>0x38</size>
         <input_file_ref idref="fl-de"/>
      </object_component>
      <object_component id="oc-136">
         <name>.text:InternalUSBStartOfFrameTick</name>
         <load_address>0x3420</load_address>
         <run_address>0x3420</run_address>
         <size>0x38</size>
         <input_file_ref idref="fl-de"/>
      </object_component>
      <object_component id="oc-808">
         <name>.text:USBDCDConfigGetInterfaceEndpoint</name>
         <load_address>0x3458</load_address>
         <run_address>0x3458</run_address>
         <size>0x38</size>
         <input_file_ref idref="fl-e1"/>
      </object_component>
      <object_component id="oc-c2">
         <name>.text:USBIntStatusControl</name>
         <load_address>0x3490</load_address>
         <run_address>0x3490</run_address>
         <size>0x38</size>
         <input_file_ref idref="fl-e8"/>
      </object_component>
      <object_component id="oc-69d">
         <name>.text:USBRingBufAdvanceWrite</name>
         <load_address>0x34c8</load_address>
         <run_address>0x34c8</run_address>
         <size>0x38</size>
         <input_file_ref idref="fl-d8"/>
      </object_component>
      <object_component id="oc-39c">
         <name>.text:USBEndpointDataPut</name>
         <load_address>0x3500</load_address>
         <run_address>0x3500</run_address>
         <size>0x36</size>
         <input_file_ref idref="fl-e8"/>
      </object_component>
      <object_component id="oc-583">
         <name>.text:HandleEndpoints</name>
         <load_address>0x3536</load_address>
         <run_address>0x3536</run_address>
         <size>0x34</size>
         <input_file_ref idref="fl-d9"/>
      </object_component>
      <object_component id="oc-40d">
         <name>.text:SysCtlPeripheralEnable</name>
         <load_address>0x356c</load_address>
         <run_address>0x356c</run_address>
         <size>0x34</size>
         <input_file_ref idref="fl-e6"/>
      </object_component>
      <object_component id="oc-3a2">
         <name>.text:USBEndpointDataSend</name>
         <load_address>0x35a0</load_address>
         <run_address>0x35a0</run_address>
         <size>0x34</size>
         <input_file_ref idref="fl-e8"/>
      </object_component>
      <object_component id="oc-7a">
         <name>.text:_c_int00_noargs:_c_int00_noargs</name>
         <load_address>0x35d4</load_address>
         <run_address>0x35d4</run_address>
         <size>0x34</size>
         <input_file_ref idref="fl-c7"/>
      </object_component>
      <object_component id="oc-61a">
         <name>.text:iDMAUSBChannelStatus</name>
         <load_address>0x3608</load_address>
         <run_address>0x3608</run_address>
         <size>0x34</size>
         <input_file_ref idref="fl-dc"/>
      </object_component>
      <object_component id="oc-2f3">
         <name>.text:CFAL96x64x16PixelDraw</name>
         <load_address>0x363c</load_address>
         <run_address>0x363c</run_address>
         <size>0x32</size>
         <input_file_ref idref="fl-4"/>
      </object_component>
      <object_component id="oc-86e">
         <name>.text:NextConfigDescGet</name>
         <load_address>0x366e</load_address>
         <run_address>0x366e</run_address>
         <size>0x32</size>
         <input_file_ref idref="fl-e1"/>
      </object_component>
      <object_component id="oc-709">
         <name>.text:ProcessDataToHost</name>
         <load_address>0x36a0</load_address>
         <run_address>0x36a0</run_address>
         <size>0x32</size>
         <input_file_ref idref="fl-d9"/>
      </object_component>
      <object_component id="oc-509">
         <name>.text:USBDevEndpointStall</name>
         <load_address>0x36d2</load_address>
         <run_address>0x36d2</run_address>
         <size>0x32</size>
         <input_file_ref idref="fl-e8"/>
      </object_component>
      <object_component id="oc-644">
         <name>.text:iDMAUSBChannelDisable</name>
         <load_address>0x3704</load_address>
         <run_address>0x3704</run_address>
         <size>0x32</size>
         <input_file_ref idref="fl-dc"/>
      </object_component>
      <object_component id="oc-5ea">
         <name>.text:DMAUSBIntHandler</name>
         <load_address>0x3736</load_address>
         <run_address>0x3736</run_address>
         <size>0x30</size>
         <input_file_ref idref="fl-dc"/>
      </object_component>
      <object_component id="oc-3ee">
         <name>.text:InternalUSBTickInit</name>
         <load_address>0x3768</load_address>
         <run_address>0x3768</run_address>
         <size>0x30</size>
         <input_file_ref idref="fl-de"/>
      </object_component>
      <object_component id="oc-536">
         <name>.text:USBDGetConfiguration</name>
         <load_address>0x3798</load_address>
         <run_address>0x3798</run_address>
         <size>0x30</size>
         <input_file_ref idref="fl-da"/>
      </object_component>
      <object_component id="oc-7e8">
         <name>.text:UpdateIndexAtomic</name>
         <load_address>0x37c8</load_address>
         <run_address>0x37c8</run_address>
         <size>0x30</size>
         <input_file_ref idref="fl-d8"/>
      </object_component>
      <object_component id="oc-2b7">
         <name>.text:GrStringNextCharGet</name>
         <load_address>0x37f8</load_address>
         <run_address>0x37f8</run_address>
         <size>0x2e</size>
         <input_file_ref idref="fl-d3"/>
      </object_component>
      <object_component id="oc-195">
         <name>.text:GrFontBaselineGet</name>
         <load_address>0x3826</load_address>
         <run_address>0x3826</run_address>
         <size>0x2c</size>
         <input_file_ref idref="fl-d3"/>
      </object_component>
      <object_component id="oc-867">
         <name>.text:USBDescGet</name>
         <load_address>0x3852</load_address>
         <run_address>0x3852</run_address>
         <size>0x2c</size>
         <input_file_ref idref="fl-e3"/>
      </object_component>
      <object_component id="oc-5f0">
         <name>.text:uDMAUSBIntStatus</name>
         <load_address>0x387e</load_address>
         <run_address>0x387e</run_address>
         <size>0x2c</size>
         <input_file_ref idref="fl-dc"/>
      </object_component>
      <object_component id="oc-290">
         <name>.text:CFAL96x64x16RectFill</name>
         <load_address>0x38aa</load_address>
         <run_address>0x38aa</run_address>
         <size>0x2a</size>
         <input_file_ref idref="fl-4"/>
      </object_component>
      <object_component id="oc-4c7">
         <name>.text:HandleRequestBuffer</name>
         <load_address>0x38d4</load_address>
         <run_address>0x38d4</run_address>
         <size>0x2a</size>
         <input_file_ref idref="fl-d7"/>
      </object_component>
      <object_component id="oc-6e7">
         <name>.text:USBDCDConfigDescGetNum</name>
         <load_address>0x38fe</load_address>
         <run_address>0x38fe</run_address>
         <size>0x2a</size>
         <input_file_ref idref="fl-e1"/>
      </object_component>
      <object_component id="oc-828">
         <name>.text:USBDescGetNum</name>
         <load_address>0x3928</load_address>
         <run_address>0x3928</run_address>
         <size>0x2a</size>
         <input_file_ref idref="fl-e3"/>
      </object_component>
      <object_component id="oc-25e">
         <name>.text:USBDevEndpointDataAck</name>
         <load_address>0x3952</load_address>
         <run_address>0x3952</run_address>
         <size>0x2a</size>
         <input_file_ref idref="fl-e8"/>
      </object_component>
      <object_component id="oc-47b">
         <name>.text:ustrncpy</name>
         <load_address>0x397c</load_address>
         <run_address>0x397c</run_address>
         <size>0x2a</size>
         <input_file_ref idref="fl-6"/>
      </object_component>
      <object_component id="oc-524">
         <name>.text:USBDSetAddress</name>
         <load_address>0x39a8</load_address>
         <run_address>0x39a8</run_address>
         <size>0x28</size>
         <input_file_ref idref="fl-da"/>
      </object_component>
      <object_component id="oc-455">
         <name>.text:USBIntEnableControl</name>
         <load_address>0x39d0</load_address>
         <run_address>0x39d0</run_address>
         <size>0x28</size>
         <input_file_ref idref="fl-e8"/>
      </object_component>
      <object_component id="oc-760">
         <name>.text:uDMAChannelModeGet</name>
         <load_address>0x39f8</load_address>
         <run_address>0x39f8</run_address>
         <size>0x28</size>
         <input_file_ref idref="fl-e7"/>
      </object_component>
      <object_component id="oc-2c3">
         <name>.text:GrFontInfoGet</name>
         <load_address>0x3a20</load_address>
         <run_address>0x3a20</run_address>
         <size>0x26</size>
         <input_file_ref idref="fl-d3"/>
      </object_component>
      <object_component id="oc-400">
         <name>.text:BulkTickHandler</name>
         <load_address>0x3a46</load_address>
         <run_address>0x3a46</run_address>
         <size>0x24</size>
         <input_file_ref idref="fl-d9"/>
      </object_component>
      <object_component id="oc-56b">
         <name>.text:HandleConfigChange</name>
         <load_address>0x3a6a</load_address>
         <run_address>0x3a6a</run_address>
         <size>0x24</size>
         <input_file_ref idref="fl-d9"/>
      </object_component>
      <object_component id="oc-734">
         <name>.text:USBEndpointDMADisable</name>
         <load_address>0x3a8e</load_address>
         <run_address>0x3a8e</run_address>
         <size>0x24</size>
         <input_file_ref idref="fl-e8"/>
      </object_component>
      <object_component id="oc-74e">
         <name>.text:USBEndpointDMAEnable</name>
         <load_address>0x3ab2</load_address>
         <run_address>0x3ab2</run_address>
         <size>0x24</size>
         <input_file_ref idref="fl-e8"/>
      </object_component>
      <object_component id="oc-721">
         <name>.text:uDMAChannelControlSet</name>
         <load_address>0x3ad8</load_address>
         <run_address>0x3ad8</run_address>
         <size>0x24</size>
         <input_file_ref idref="fl-e7"/>
      </object_component>
      <object_component id="oc-2bd">
         <name>.text:GrFontGlyphDataGet</name>
         <load_address>0x3afc</load_address>
         <run_address>0x3afc</run_address>
         <size>0x22</size>
         <input_file_ref idref="fl-d3"/>
      </object_component>
      <object_component id="oc-57d">
         <name>.text:HandleDisconnect</name>
         <load_address>0x3b1e</load_address>
         <run_address>0x3b1e</run_address>
         <size>0x22</size>
         <input_file_ref idref="fl-d9"/>
      </object_component>
      <object_component id="oc-343">
         <name>.text:USBDBulkRxPacketAvailable</name>
         <load_address>0x3b40</load_address>
         <run_address>0x3b40</run_address>
         <size>0x22</size>
         <input_file_ref idref="fl-d9"/>
      </object_component>
      <object_component id="oc-5e4">
         <name>.text:uDMAUSBChannelStatus</name>
         <load_address>0x3b62</load_address>
         <run_address>0x3b62</run_address>
         <size>0x22</size>
         <input_file_ref idref="fl-dc"/>
      </object_component>
      <object_component id="oc-81a">
         <name>.text:GetEndpointFIFOSize</name>
         <load_address>0x3b84</load_address>
         <run_address>0x3b84</run_address>
         <size>0x20</size>
         <input_file_ref idref="fl-e2"/>
      </object_component>
      <object_component id="oc-4bb">
         <name>.text:HandleDataRemaining</name>
         <load_address>0x3ba4</load_address>
         <run_address>0x3ba4</run_address>
         <size>0x20</size>
         <input_file_ref idref="fl-d7"/>
      </object_component>
      <object_component id="oc-689">
         <name>.text:USBRingBufAdvanceRead</name>
         <load_address>0x3bc4</load_address>
         <run_address>0x3bc4</run_address>
         <size>0x20</size>
         <input_file_ref idref="fl-d8"/>
      </object_component>
      <object_component id="oc-3c6">
         <name>.text:GrFontCodepageGet</name>
         <load_address>0x3be4</load_address>
         <run_address>0x3be4</run_address>
         <size>0x1e</size>
         <input_file_ref idref="fl-d3"/>
      </object_component>
      <object_component id="oc-696">
         <name>.text:USBRingBufContigFree</name>
         <load_address>0x3c02</load_address>
         <run_address>0x3c02</run_address>
         <size>0x1e</size>
         <input_file_ref idref="fl-d8"/>
      </object_component>
      <object_component id="oc-59d">
         <name>.text:USBULPIRegRead</name>
         <load_address>0x3c20</load_address>
         <run_address>0x3c20</run_address>
         <size>0x1e</size>
         <input_file_ref idref="fl-e8"/>
      </object_component>
      <object_component id="oc-5a3">
         <name>.text:USBULPIRegWrite</name>
         <load_address>0x3c3e</load_address>
         <run_address>0x3c3e</run_address>
         <size>0x1e</size>
         <input_file_ref idref="fl-e8"/>
      </object_component>
      <object_component id="oc-6ed">
         <name>.text:USBDCDConfigGetInterface</name>
         <load_address>0x3c5c</load_address>
         <run_address>0x3c5c</run_address>
         <size>0x1c</size>
         <input_file_ref idref="fl-e1"/>
      </object_component>
      <object_component id="oc-389">
         <name>.text:USBDCDStallEP0</name>
         <load_address>0x3c78</load_address>
         <run_address>0x3c78</run_address>
         <size>0x1c</size>
         <input_file_ref idref="fl-da"/>
      </object_component>
      <object_component id="oc-4ad">
         <name>.text:USBEndpointDataAvail</name>
         <load_address>0x3c94</load_address>
         <run_address>0x3c94</run_address>
         <size>0x1c</size>
         <input_file_ref idref="fl-e8"/>
      </object_component>
      <object_component id="oc-6a9">
         <name>.text:USBRingBufWrite</name>
         <load_address>0x3cb0</load_address>
         <run_address>0x3cb0</run_address>
         <size>0x1c</size>
         <input_file_ref idref="fl-d8"/>
      </object_component>
      <object_component id="oc-396">
         <name>.text:USBDCDConfigDescGetSize</name>
         <load_address>0x3ccc</load_address>
         <run_address>0x3ccc</run_address>
         <size>0x1a</size>
         <input_file_ref idref="fl-e1"/>
      </object_component>
      <object_component id="oc-728">
         <name>.text:USBEndpointDMAChannel</name>
         <load_address>0x3ce6</load_address>
         <run_address>0x3ce6</run_address>
         <size>0x1a</size>
         <input_file_ref idref="fl-e8"/>
      </object_component>
      <object_component id="oc-1b3">
         <name>.text:usnprintf</name>
         <load_address>0x3d00</load_address>
         <run_address>0x3d00</run_address>
         <size>0x1a</size>
         <input_file_ref idref="fl-6"/>
      </object_component>
      <object_component id="oc-a8">
         <name>.text:IsBufferFull</name>
         <load_address>0x3d1a</load_address>
         <run_address>0x3d1a</run_address>
         <size>0x18</size>
         <input_file_ref idref="fl-5"/>
      </object_component>
      <object_component id="oc-4b3">
         <name>.text:SetDeferredOpFlag</name>
         <load_address>0x3d32</load_address>
         <run_address>0x3d32</run_address>
         <size>0x18</size>
         <input_file_ref idref="fl-d9"/>
      </object_component>
      <object_component id="oc-48">
         <name>.text:USB0DeviceIntHandler</name>
         <load_address>0x3d4c</load_address>
         <run_address>0x3d4c</run_address>
         <size>0x18</size>
         <input_file_ref idref="fl-db"/>
      </object_component>
      <object_component id="oc-1a7">
         <name>.text:USBBufferInit</name>
         <load_address>0x3d64</load_address>
         <run_address>0x3d64</run_address>
         <size>0x18</size>
         <input_file_ref idref="fl-d7"/>
      </object_component>
      <object_component id="oc-3e2">
         <name>.text:USBDCDFeatureGet</name>
         <load_address>0x3d7c</load_address>
         <run_address>0x3d7c</run_address>
         <size>0x18</size>
         <input_file_ref idref="fl-da"/>
      </object_component>
      <object_component id="oc-530">
         <name>.text:USBDSetDescriptor</name>
         <load_address>0x3d94</load_address>
         <run_address>0x3d94</run_address>
         <size>0x18</size>
         <input_file_ref idref="fl-da"/>
      </object_component>
      <object_component id="oc-54e">
         <name>.text:USBDSyncFrame</name>
         <load_address>0x3dac</load_address>
         <run_address>0x3dac</run_address>
         <size>0x18</size>
         <input_file_ref idref="fl-da"/>
      </object_component>
      <object_component id="oc-73b">
         <name>.text:uDMAChannelDisable</name>
         <load_address>0x3dc4</load_address>
         <run_address>0x3dc4</run_address>
         <size>0x18</size>
         <input_file_ref idref="fl-e7"/>
      </object_component>
      <object_component id="oc-754">
         <name>.text:uDMAChannelEnable</name>
         <load_address>0x3ddc</load_address>
         <run_address>0x3ddc</run_address>
         <size>0x18</size>
         <input_file_ref idref="fl-e7"/>
      </object_component>
      <object_component id="oc-30b">
         <name>.text:CFAL96x64x16ColorTranslate</name>
         <load_address>0x3df4</load_address>
         <run_address>0x3df4</run_address>
         <size>0x16</size>
         <input_file_ref idref="fl-4"/>
      </object_component>
      <object_component id="oc-19b">
         <name>.text:GrStringDraw</name>
         <load_address>0x3e0a</load_address>
         <run_address>0x3e0a</run_address>
         <size>0x16</size>
         <input_file_ref idref="fl-d3"/>
      </object_component>
      <object_component id="oc-672">
         <name>.text:USBBufferDataWritten</name>
         <load_address>0x3e20</load_address>
         <run_address>0x3e20</run_address>
         <size>0x16</size>
         <input_file_ref idref="fl-d7"/>
      </object_component>
      <object_component id="oc-45b">
         <name>.text:USBIntEnableEndpoint</name>
         <load_address>0x3e36</load_address>
         <run_address>0x3e36</run_address>
         <size>0x16</size>
         <input_file_ref idref="fl-e8"/>
      </object_component>
      <object_component id="oc-679">
         <name>.text:USBRingBufFlush</name>
         <load_address>0x3e4c</load_address>
         <run_address>0x3e4c</run_address>
         <size>0x16</size>
         <input_file_ref idref="fl-d8"/>
      </object_component>
      <object_component id="oc-682">
         <name>.text:USBRingBufUsed</name>
         <load_address>0x3e62</load_address>
         <run_address>0x3e62</run_address>
         <size>0x16</size>
         <input_file_ref idref="fl-d8"/>
      </object_component>
      <object_component id="oc-4c1">
         <name>.text:HandleTxComplete</name>
         <load_address>0x3e78</load_address>
         <run_address>0x3e78</run_address>
         <size>0x14</size>
         <input_file_ref idref="fl-d7"/>
      </object_component>
      <object_component id="oc-413">
         <name>.text:SysCtlUSBPLLEnable</name>
         <load_address>0x3e8c</load_address>
         <run_address>0x3e8c</run_address>
         <size>0x14</size>
         <input_file_ref idref="fl-e6"/>
      </object_component>
      <object_component id="oc-320">
         <name>.text:TxHandler</name>
         <load_address>0x3ea0</load_address>
         <run_address>0x3ea0</run_address>
         <size>0x14</size>
         <input_file_ref idref="fl-3"/>
      </object_component>
      <object_component id="oc-32c">
         <name>.text:USBDBulkTxPacketAvailable</name>
         <load_address>0x3eb4</load_address>
         <run_address>0x3eb4</run_address>
         <size>0x14</size>
         <input_file_ref idref="fl-d9"/>
      </object_component>
      <object_component id="oc-7b3">
         <name>.text:USBDMAChannelConfigSet</name>
         <load_address>0x3ec8</load_address>
         <run_address>0x3ec8</run_address>
         <size>0x14</size>
         <input_file_ref idref="fl-e8"/>
      </object_component>
      <object_component id="oc-237">
         <name>.text:USBHostResume</name>
         <load_address>0x3edc</load_address>
         <run_address>0x3edc</run_address>
         <size>0x14</size>
         <input_file_ref idref="fl-e8"/>
      </object_component>
      <object_component id="oc-878">
         <name>.text:_USBIndexWrite</name>
         <load_address>0x3ef0</load_address>
         <run_address>0x3ef0</run_address>
         <size>0x14</size>
         <input_file_ref idref="fl-e8"/>
      </object_component>
      <object_component id="oc-577">
         <name>.text:HandleResume</name>
         <load_address>0x3f04</load_address>
         <run_address>0x3f04</run_address>
         <size>0x12</size>
         <input_file_ref idref="fl-d9"/>
      </object_component>
      <object_component id="oc-571">
         <name>.text:HandleSuspend</name>
         <load_address>0x3f16</load_address>
         <run_address>0x3f16</run_address>
         <size>0x12</size>
         <input_file_ref idref="fl-d9"/>
      </object_component>
      <object_component id="oc-666">
         <name>.text:USBBufferInfoGet</name>
         <load_address>0x3f28</load_address>
         <run_address>0x3f28</run_address>
         <size>0x12</size>
         <input_file_ref idref="fl-d7"/>
      </object_component>
      <object_component id="oc-784">
         <name>.text:USBDMAChannelDisable</name>
         <load_address>0x3f3a</load_address>
         <run_address>0x3f3a</run_address>
         <size>0x12</size>
         <input_file_ref idref="fl-e8"/>
      </object_component>
      <object_component id="oc-7b9">
         <name>.text:USBDMAChannelEnable</name>
         <load_address>0x3f4c</load_address>
         <run_address>0x3f4c</run_address>
         <size>0x12</size>
         <input_file_ref idref="fl-e8"/>
      </object_component>
      <object_component id="oc-7a0">
         <name>.text:USBDMAChannelIntDisable</name>
         <load_address>0x3f5e</load_address>
         <run_address>0x3f5e</run_address>
         <size>0x12</size>
         <input_file_ref idref="fl-e8"/>
      </object_component>
      <object_component id="oc-799">
         <name>.text:USBDMAChannelIntEnable</name>
         <load_address>0x3f70</load_address>
         <run_address>0x3f70</run_address>
         <size>0x12</size>
         <input_file_ref idref="fl-e8"/>
      </object_component>
      <object_component id="oc-6a3">
         <name>.text:USBRingBufFree</name>
         <load_address>0x3f82</load_address>
         <run_address>0x3f82</run_address>
         <size>0x12</size>
         <input_file_ref idref="fl-d8"/>
      </object_component>
      <object_component id="oc-7da">
         <name>.text:IntMasterDisable</name>
         <load_address>0x3f94</load_address>
         <run_address>0x3f94</run_address>
         <size>0x10</size>
         <input_file_ref idref="fl-e5"/>
      </object_component>
      <object_component id="oc-7e0">
         <name>.text:IntMasterEnable</name>
         <load_address>0x3fa4</load_address>
         <run_address>0x3fa4</run_address>
         <size>0x10</size>
         <input_file_ref idref="fl-e5"/>
      </object_component>
      <object_component id="oc-3c">
         <name>.text:SysTickIntHandler</name>
         <load_address>0x3fb4</load_address>
         <run_address>0x3fb4</run_address>
         <size>0x10</size>
         <input_file_ref idref="fl-3"/>
      </object_component>
      <object_component id="oc-246">
         <name>.text:USBEndpointStatus</name>
         <load_address>0x3fc4</load_address>
         <run_address>0x3fc4</run_address>
         <size>0x10</size>
         <input_file_ref idref="fl-e8"/>
      </object_component>
      <object_component id="oc-7ef">
         <name>.text:USBRingBufContigUsed</name>
         <load_address>0x3fd4</load_address>
         <run_address>0x3fd4</run_address>
         <size>0x10</size>
         <input_file_ref idref="fl-d8"/>
      </object_component>
      <object_component id="oc-7f9">
         <name>.text:USBRingBufWriteOne</name>
         <load_address>0x3fe4</load_address>
         <run_address>0x3fe4</run_address>
         <size>0x10</size>
         <input_file_ref idref="fl-d8"/>
      </object_component>
      <object_component id="oc-5f6">
         <name>.text:DMAUSBIntStatusClear</name>
         <load_address>0x3ff4</load_address>
         <run_address>0x3ff4</run_address>
         <size>0xe</size>
         <input_file_ref idref="fl-dc"/>
      </object_component>
      <object_component id="oc-9c">
         <name>.text:IsBufferEmpty</name>
         <load_address>0x4002</load_address>
         <run_address>0x4002</run_address>
         <size>0xe</size>
         <input_file_ref idref="fl-5"/>
      </object_component>
      <object_component id="oc-78b">
         <name>.text:USBDMAChannelStatus</name>
         <load_address>0x4010</load_address>
         <run_address>0x4010</run_address>
         <size>0xe</size>
         <input_file_ref idref="fl-e8"/>
      </object_component>
      <object_component id="oc-43d">
         <name>.text:USBDevLPMDisable</name>
         <load_address>0x401e</load_address>
         <run_address>0x401e</run_address>
         <size>0xe</size>
         <input_file_ref idref="fl-e8"/>
      </object_component>
      <object_component id="oc-142">
         <name>.text:USBDevLPMEnable</name>
         <load_address>0x402c</load_address>
         <run_address>0x402c</run_address>
         <size>0xe</size>
         <input_file_ref idref="fl-e8"/>
      </object_component>
      <object_component id="oc-42b">
         <name>.text:USBULPIDisable</name>
         <load_address>0x403a</load_address>
         <run_address>0x403a</run_address>
         <size>0xe</size>
         <input_file_ref idref="fl-e8"/>
      </object_component>
      <object_component id="oc-41f">
         <name>.text:USBULPIEnable</name>
         <load_address>0x4048</load_address>
         <run_address>0x4048</run_address>
         <size>0xe</size>
         <input_file_ref idref="fl-e8"/>
      </object_component>
      <object_component id="oc-18">
         <name>.text:decompress:none:__TI_decompress_none</name>
         <load_address>0x4056</load_address>
         <run_address>0x4056</run_address>
         <size>0xe</size>
         <input_file_ref idref="fl-c5"/>
      </object_component>
      <object_component id="oc-856">
         <name>.text:CPUcpsid</name>
         <load_address>0x4064</load_address>
         <run_address>0x4064</run_address>
         <size>0xc</size>
         <input_file_ref idref="fl-e9"/>
      </object_component>
      <object_component id="oc-85d">
         <name>.text:CPUcpsie</name>
         <load_address>0x4070</load_address>
         <run_address>0x4070</run_address>
         <size>0xc</size>
         <input_file_ref idref="fl-e9"/>
      </object_component>
      <object_component id="oc-775">
         <name>.text:USBEndpointPacketCountSet</name>
         <load_address>0x407c</load_address>
         <run_address>0x407c</run_address>
         <size>0xc</size>
         <input_file_ref idref="fl-e8"/>
      </object_component>
      <object_component id="oc-449">
         <name>.text:USBLPMIntEnable</name>
         <load_address>0x4088</load_address>
         <run_address>0x4088</run_address>
         <size>0xc</size>
         <input_file_ref idref="fl-e8"/>
      </object_component>
      <object_component id="oc-2cd">
         <name>.text:USBRingBufInit</name>
         <load_address>0x4094</load_address>
         <run_address>0x4094</run_address>
         <size>0xc</size>
         <input_file_ref idref="fl-d8"/>
      </object_component>
      <object_component id="oc-6e">
         <name>.text:decompress:ZI:__TI_zero_init</name>
         <load_address>0x40a0</load_address>
         <run_address>0x40a0</run_address>
         <size>0xc</size>
         <input_file_ref idref="fl-c4"/>
      </object_component>
      <object_component id="oc-419">
         <name>.text:USBClockEnable</name>
         <load_address>0x40ac</load_address>
         <run_address>0x40ac</run_address>
         <size>0xa</size>
         <input_file_ref idref="fl-e8"/>
      </object_component>
      <object_component id="oc-5b1">
         <name>.text:USBControllerVersion</name>
         <load_address>0x40b6</load_address>
         <run_address>0x40b6</run_address>
         <size>0xa</size>
         <input_file_ref idref="fl-e8"/>
      </object_component>
      <object_component id="oc-7a7">
         <name>.text:USBDMAChannelAddressSet</name>
         <load_address>0x40c0</load_address>
         <run_address>0x40c0</run_address>
         <size>0xa</size>
         <input_file_ref idref="fl-e8"/>
      </object_component>
      <object_component id="oc-7ad">
         <name>.text:USBDMAChannelCountSet</name>
         <load_address>0x40ca</load_address>
         <run_address>0x40ca</run_address>
         <size>0xa</size>
         <input_file_ref idref="fl-e8"/>
      </object_component>
      <object_component id="oc-461">
         <name>.text:USBDevConnect</name>
         <load_address>0x40d4</load_address>
         <run_address>0x40d4</run_address>
         <size>0xa</size>
         <input_file_ref idref="fl-e8"/>
      </object_component>
      <object_component id="oc-154">
         <name>.text:USBDevDisconnect</name>
         <load_address>0x40de</load_address>
         <run_address>0x40de</run_address>
         <size>0xa</size>
         <input_file_ref idref="fl-e8"/>
      </object_component>
      <object_component id="oc-148">
         <name>.text:USBIntStatusEndpoint</name>
         <load_address>0x40e8</load_address>
         <run_address>0x40e8</run_address>
         <size>0xa</size>
         <input_file_ref idref="fl-e8"/>
      </object_component>
      <object_component id="oc-3ba">
         <name>.text:GrMapISO8859_1_Unicode</name>
         <load_address>0x40f2</load_address>
         <run_address>0x40f2</run_address>
         <size>0x8</size>
         <input_file_ref idref="fl-d5"/>
      </object_component>
      <object_component id="oc-437">
         <name>.text:USBDevMode</name>
         <load_address>0x40fa</load_address>
         <run_address>0x40fa</run_address>
         <size>0x8</size>
         <input_file_ref idref="fl-e8"/>
      </object_component>
      <object_component id="oc-769">
         <name>.text:USBFIFOAddrGet</name>
         <load_address>0x4102</load_address>
         <run_address>0x4102</run_address>
         <size>0x8</size>
         <input_file_ref idref="fl-e8"/>
      </object_component>
      <object_component id="oc-431">
         <name>.text:USBOTGMode</name>
         <load_address>0x410a</load_address>
         <run_address>0x410a</run_address>
         <size>0x8</size>
         <input_file_ref idref="fl-e8"/>
      </object_component>
      <object_component id="oc-62c">
         <name>.text:iDMAUSBChannelIntDisable</name>
         <load_address>0x4112</load_address>
         <run_address>0x4112</run_address>
         <size>0x8</size>
         <input_file_ref idref="fl-dc"/>
      </object_component>
      <object_component id="oc-626">
         <name>.text:iDMAUSBChannelIntEnable</name>
         <load_address>0x411a</load_address>
         <run_address>0x411a</run_address>
         <size>0x8</size>
         <input_file_ref idref="fl-dc"/>
      </object_component>
      <object_component id="oc-189">
         <name>.text:GrContextFontSet</name>
         <load_address>0x4122</load_address>
         <run_address>0x4122</run_address>
         <size>0x6</size>
         <input_file_ref idref="fl-d3"/>
      </object_component>
      <object_component id="oc-24">
         <name>.text:ResetISR</name>
         <load_address>0x4128</load_address>
         <run_address>0x4128</run_address>
         <size>0x6</size>
         <input_file_ref idref="fl-1"/>
      </object_component>
      <object_component id="oc-4a6">
         <name>.text:USBBufferFlush</name>
         <load_address>0x412e</load_address>
         <run_address>0x412e</run_address>
         <size>0x6</size>
         <input_file_ref idref="fl-d7"/>
      </object_component>
      <object_component id="oc-66c">
         <name>.text:USBBufferSpaceAvailable</name>
         <load_address>0x4134</load_address>
         <run_address>0x4134</run_address>
         <size>0x6</size>
         <input_file_ref idref="fl-d7"/>
      </object_component>
      <object_component id="oc-792">
         <name>.text:USBDMAChannelIntStatus</name>
         <load_address>0x413a</load_address>
         <run_address>0x413a</run_address>
         <size>0x6</size>
         <input_file_ref idref="fl-e8"/>
      </object_component>
      <object_component id="oc-443">
         <name>.text:USBDevLPMConfig</name>
         <load_address>0x4140</load_address>
         <run_address>0x4140</run_address>
         <size>0x6</size>
         <input_file_ref idref="fl-e8"/>
      </object_component>
      <object_component id="oc-13c">
         <name>.text:USBLPMIntStatus</name>
         <load_address>0x4146</load_address>
         <run_address>0x4146</run_address>
         <size>0x6</size>
         <input_file_ref idref="fl-e8"/>
      </object_component>
      <object_component id="oc-620">
         <name>.text:iDMAUSBIntStatus</name>
         <load_address>0x414c</load_address>
         <run_address>0x414c</run_address>
         <size>0x6</size>
         <input_file_ref idref="fl-dc"/>
      </object_component>
      <object_component id="oc-5fc">
         <name>.text:DMAUSBStatus</name>
         <load_address>0x4152</load_address>
         <run_address>0x4152</run_address>
         <size>0x4</size>
         <input_file_ref idref="fl-dc"/>
      </object_component>
      <object_component id="oc-252">
         <name>.text:USBDevAddrSet</name>
         <load_address>0x4156</load_address>
         <run_address>0x4156</run_address>
         <size>0x4</size>
         <input_file_ref idref="fl-e8"/>
      </object_component>
      <object_component id="oc-f6">
         <name>.text:_system_pre_init</name>
         <load_address>0x415a</load_address>
         <run_address>0x415a</run_address>
         <size>0x4</size>
         <input_file_ref idref="fl-cc"/>
      </object_component>
      <object_component id="oc-1d5">
         <name>.text:abort:abort</name>
         <load_address>0x415e</load_address>
         <run_address>0x415e</run_address>
         <size>0x4</size>
         <input_file_ref idref="fl-ce"/>
      </object_component>
      <object_component id="oc-31a">
         <name>.const:.string:g_pui8FontFixed6x8Data</name>
         <load_address>0x4164</load_address>
         <run_address>0x4164</run_address>
         <size>0x2f8</size>
         <input_file_ref idref="fl-d4"/>
      </object_component>
      <object_component id="oc-1bc">
         <name>.const:g_sFontFixed6x8</name>
         <load_address>0x445c</load_address>
         <run_address>0x445c</run_address>
         <size>0xc8</size>
         <input_file_ref idref="fl-d4"/>
      </object_component>
      <object_component id="oc-655">
         <name>.const</name>
         <load_address>0x4524</load_address>
         <run_address>0x4524</run_address>
         <size>0x70</size>
         <input_file_ref idref="fl-e5"/>
      </object_component>
      <object_component id="oc-392">
         <name>.const:g_psUSBDStdRequests</name>
         <load_address>0x4594</load_address>
         <run_address>0x4594</run_address>
         <size>0x34</size>
         <input_file_ref idref="fl-da"/>
      </object_component>
      <object_component id="oc-4e3">
         <name>.const:.string:g_pui8ConfigString</name>
         <load_address>0x45c8</load_address>
         <run_address>0x45c8</run_address>
         <size>0x30</size>
         <input_file_ref idref="fl-2"/>
      </object_component>
      <object_component id="oc-3fa">
         <name>.const:g_sBulkHandlers</name>
         <load_address>0x45f8</load_address>
         <run_address>0x45f8</run_address>
         <size>0x30</size>
         <input_file_ref idref="fl-d9"/>
      </object_component>
      <object_component id="oc-3fd">
         <name>.const</name>
         <load_address>0x4628</load_address>
         <run_address>0x4628</run_address>
         <size>0x30</size>
         <input_file_ref idref="fl-d9"/>
      </object_component>
      <object_component id="oc-591">
         <name>.const:.string</name>
         <load_address>0x4658</load_address>
         <run_address>0x4658</run_address>
         <size>0x2e</size>
         <input_file_ref idref="fl-d9"/>
      </object_component>
      <object_component id="oc-4e0">
         <name>.const:.string:g_pui8DataInterfaceString</name>
         <load_address>0x4686</load_address>
         <run_address>0x4686</run_address>
         <size>0x28</size>
         <input_file_ref idref="fl-2"/>
      </object_component>
      <object_component id="oc-4da">
         <name>.const:.string:g_pui8ProductString</name>
         <load_address>0x46ae</load_address>
         <run_address>0x46ae</run_address>
         <size>0x28</size>
         <input_file_ref idref="fl-2"/>
      </object_component>
      <object_component id="oc-1b9">
         <name>.const:g_sCFAL96x64x16</name>
         <load_address>0x46d8</load_address>
         <run_address>0x46d8</run_address>
         <size>0x28</size>
         <input_file_ref idref="fl-4"/>
      </object_component>
      <object_component id="oc-4d7">
         <name>.const:.string:g_pui8ManufacturerString</name>
         <load_address>0x4700</load_address>
         <run_address>0x4700</run_address>
         <size>0x24</size>
         <input_file_ref idref="fl-2"/>
      </object_component>
      <object_component id="oc-352">
         <name>.const:g_ppui8StringDescriptors</name>
         <load_address>0x4724</load_address>
         <run_address>0x4724</run_address>
         <size>0x18</size>
         <input_file_ref idref="fl-2"/>
      </object_component>
      <object_component id="oc-4dd">
         <name>.const:.string:g_pui8SerialNumberString</name>
         <load_address>0x473c</load_address>
         <run_address>0x473c</run_address>
         <size>0x12</size>
         <input_file_ref idref="fl-2"/>
      </object_component>
      <object_component id="oc-2a0">
         <name>.const</name>
         <load_address>0x4750</load_address>
         <run_address>0x4750</run_address>
         <size>0x10</size>
         <input_file_ref idref="fl-d1"/>
      </object_component>
      <object_component id="oc-112">
         <name>.const:g_ui32UARTInt</name>
         <load_address>0x4760</load_address>
         <run_address>0x4760</run_address>
         <size>0xc</size>
         <input_file_ref idref="fl-5"/>
      </object_component>
      <object_component id="oc-4d4">
         <name>.const:.string:g_pui8LangDescriptor</name>
         <load_address>0x476c</load_address>
         <run_address>0x476c</run_address>
         <size>0x4</size>
         <input_file_ref idref="fl-2"/>
      </object_component>
      <object_component id="oc-8c0">
         <name>.cinit..data.load</name>
         <load_address>0x4770</load_address>
         <run_address>0x4770</run_address>
         <size>0xa8</size>
      </object_component>
      <object_component id="oc-8be">
         <name>__TI_handler_table</name>
         <load_address>0x4818</load_address>
         <run_address>0x4818</run_address>
         <size>0xc</size>
      </object_component>
      <object_component id="oc-8c1">
         <name>.cinit..bss.load</name>
         <load_address>0x4828</load_address>
         <run_address>0x4828</run_address>
         <size>0x8</size>
      </object_component>
      <object_component id="oc-8bf">
         <name>__TI_cinit_table</name>
         <load_address>0x4830</load_address>
         <run_address>0x4830</run_address>
         <size>0x10</size>
      </object_component>
      <object_component id="oc-1c5">
         <name>.data:g_sBulkDevice</name>
         <load_address>0x20000c98</load_address>
         <run_address>0x20000c98</run_address>
         <size>0x44</size>
         <input_file_ref idref="fl-2"/>
      </object_component>
      <object_component id="oc-1c2">
         <name>.data:g_sRxBuffer</name>
         <load_address>0x20000cdc</load_address>
         <run_address>0x20000cdc</run_address>
         <size>0x38</size>
         <input_file_ref idref="fl-2"/>
      </object_component>
      <object_component id="oc-1bf">
         <name>.data:g_sTxBuffer</name>
         <load_address>0x20000d14</load_address>
         <run_address>0x20000d14</run_address>
         <size>0x38</size>
         <input_file_ref idref="fl-2"/>
      </object_component>
      <object_component id="oc-92">
         <name>.data</name>
         <load_address>0x20000da4</load_address>
         <run_address>0x20000da4</run_address>
         <size>0x11</size>
         <input_file_ref idref="fl-3"/>
      </object_component>
      <object_component id="oc-296">
         <name>.data:g_ui8DisplayInitCommands</name>
         <load_address>0x20000d91</load_address>
         <run_address>0x20000d91</run_address>
         <size>0x13</size>
         <input_file_ref idref="fl-4"/>
      </object_component>
      <object_component id="oc-ae">
         <name>.data</name>
         <load_address>0x20000d7c</load_address>
         <run_address>0x20000d7c</run_address>
         <size>0x15</size>
         <input_file_ref idref="fl-5"/>
      </object_component>
      <object_component id="oc-2e1">
         <name>.data</name>
         <load_address>0x20000d4c</load_address>
         <run_address>0x20000d4c</run_address>
         <size>0x2e</size>
         <input_file_ref idref="fl-d9"/>
      </object_component>
      <object_component id="oc-163">
         <name>.data</name>
         <load_address>0x20000dd0</load_address>
         <run_address>0x20000dd0</run_address>
         <size>0x8</size>
         <input_file_ref idref="fl-da"/>
      </object_component>
      <object_component id="oc-46d">
         <name>.data</name>
         <load_address>0x20000dc4</load_address>
         <run_address>0x20000dc4</run_address>
         <size>0x9</size>
         <input_file_ref idref="fl-dd"/>
      </object_component>
      <object_component id="oc-160">
         <name>.data</name>
         <load_address>0x20000db8</load_address>
         <run_address>0x20000db8</run_address>
         <size>0xc</size>
         <input_file_ref idref="fl-de"/>
      </object_component>
      <object_component id="oc-b1">
         <name>.bss</name>
         <uninitialized>true</uninitialized>
         <run_address>0x2000087c</run_address>
         <size>0x8</size>
         <input_file_ref idref="fl-5"/>
      </object_component>
      <object_component id="oc-115">
         <name>.bss:g_pcUARTTxBuffer</name>
         <uninitialized>true</uninitialized>
         <run_address>0x20000000</run_address>
         <size>0x400</size>
         <input_file_ref idref="fl-5"/>
      </object_component>
      <object_component id="oc-b4">
         <name>.bss:g_pcUARTRxBuffer</name>
         <uninitialized>true</uninitialized>
         <run_address>0x20000710</run_address>
         <size>0x80</size>
         <input_file_ref idref="fl-5"/>
      </object_component>
      <object_component id="oc-38f">
         <name>.bss:g_pui8DataBufferIn</name>
         <uninitialized>true</uninitialized>
         <run_address>0x200007e0</run_address>
         <size>0x40</size>
         <input_file_ref idref="fl-da"/>
[...]
         <object_component_ref idref="oc-7f9"/>
      </symbol>
      <symbol id="sm-5bd">
         <name>USBRingBufUsed</name>
         <value>0x3e63</value>
         <object_component_ref idref="oc-682"/>
      </symbol>
      <symbol id="sm-5be">
         <name>USBRingBufFree</name>
         <value>0x3f83</value>
         <object_component_ref idref="oc-6a3"/>
      </symbol>
      <symbol id="sm-5bf">
         <name>USBRingBufAdvanceRead</name>
         <value>0x3bc5</value>
         <object_component_ref idref="oc-689"/>
      </symbol>
      <symbol id="sm-5c0">
         <name>USBRingBufInit</name>
         <value>0x4095</value>
         <object_component_ref idref="oc-2cd"/>
      </symbol>
      <symbol id="sm-5c1">
         <name>USBRingBufContigFree</name>
         <value>0x3c03</value>
         <object_component_ref idref="oc-696"/>
      </symbol>
      <symbol id="sm-6ad">
         <name>USBDBulkTxPacketAvailable</name>
         <value>0x3eb5</value>
         <object_component_ref idref="oc-32c"/>
      </symbol>
      <symbol id="sm-6ae">
         <name>USBDBulkCompositeInit</name>
         <value>0x1b45</value>
         <object_component_ref idref="oc-2d5"/>
      </symbol>
      <symbol id="sm-6af">
         <name>g_sBulkInterfaceSection</name>
         <value>0x4630</value>
         <object_component_ref idref="oc-3fd"/>
      </symbol>
      <symbol id="sm-6b0">
         <name>g_sBulkConfigHeaderHS</name>
         <value>0x4648</value>
         <object_component_ref idref="oc-3fd"/>
      </symbol>
      <symbol id="sm-6b1">
         <name>g_psBulkSections</name>
         <value>0x20000d68</value>
         <object_component_ref idref="oc-2e1"/>
      </symbol>
      <symbol id="sm-6b2">
         <name>g_ppBulkConfigDescriptors</name>
         <value>0x4650</value>
         <object_component_ref idref="oc-3fd"/>
      </symbol>
      <symbol id="sm-6b3">
         <name>g_sBulkConfigSection</name>
         <value>0x4628</value>
         <object_component_ref idref="oc-3fd"/>
      </symbol>
      <symbol id="sm-6b4">
         <name>g_ppBulkConfigDescriptorsHS</name>
         <value>0x4654</value>
         <object_component_ref idref="oc-3fd"/>
      </symbol>
      <symbol id="sm-6b5">
         <name>g_pui8BulkInterfaceHS</name>
         <value>0x466f</value>
         <object_component_ref idref="oc-591"/>
      </symbol>
      <symbol id="sm-6b6">
         <name>USBDBulkInit</name>
         <value>0x32b9</value>
         <object_component_ref idref="oc-1ad"/>
      </symbol>
      <symbol id="sm-6b7">
         <name>g_psBulkSectionsHS</name>
         <value>0x20000d70</value>
         <object_component_ref idref="oc-2e1"/>
      </symbol>
      <symbol id="sm-6b8">
         <name>g_pui8BulkDeviceDescriptor</name>
         <value>0x20000d4c</value>
         <object_component_ref idref="oc-2e1"/>
      </symbol>
      <symbol id="sm-6b9">
         <name>g_pui8BulkInterface</name>
         <value>0x4658</value>
         <object_component_ref idref="oc-591"/>
      </symbol>
      <symbol id="sm-6ba">
         <name>USBDBulkRxPacketAvailable</name>
         <value>0x3b41</value>
         <object_component_ref idref="oc-343"/>
      </symbol>
      <symbol id="sm-6bb">
         <name>USBDBulkPacketRead</name>
         <value>0x247d</value>
         <object_component_ref idref="oc-33d"/>
      </symbol>
      <symbol id="sm-6bc">
         <name>g_sBulkHandlers</name>
         <value>0x45f8</value>
         <object_component_ref idref="oc-3fa"/>
      </symbol>
      <symbol id="sm-6bd">
         <name>g_sBulkInterfaceSectionHS</name>
         <value>0x4638</value>
         <object_component_ref idref="oc-3fd"/>
      </symbol>
      <symbol id="sm-6be">
         <name>USBDBulkPacketWrite</name>
         <value>0x2bcd</value>
         <object_component_ref idref="oc-326"/>
      </symbol>
      <symbol id="sm-6bf">
         <name>g_pui8BulkDescriptor</name>
         <value>0x20000d5e</value>
         <object_component_ref idref="oc-2e1"/>
      </symbol>
      <symbol id="sm-6c0">
         <name>g_sBulkConfigHeader</name>
         <value>0x4640</value>
         <object_component_ref idref="oc-3fd"/>
      </symbol>
      <symbol id="sm-852">
         <name>g_ppsDevInfo</name>
         <value>0x20000888</value>
      </symbol>
      <symbol id="sm-853">
         <name>USBDCDStallEP0</name>
         <value>0x3c79</value>
         <object_component_ref idref="oc-389"/>
      </symbol>
      <symbol id="sm-854">
         <name>USBDeviceEnumHandler</name>
         <value>0x160d</value>
         <object_component_ref idref="oc-14e"/>
      </symbol>
      <symbol id="sm-855">
         <name>USBDCDInit</name>
         <value>0xdc1</value>
         <object_component_ref idref="oc-2db"/>
      </symbol>
      <symbol id="sm-856">
         <name>USBDeviceEnumResetHandler</name>
         <value>0x3115</value>
         <object_component_ref idref="oc-12a"/>
      </symbol>
      <symbol id="sm-857">
         <name>g_psDCDInst</name>
         <value>0x20000790</value>
         <object_component_ref idref="oc-15d"/>
      </symbol>
      <symbol id="sm-858">
         <name>USBDCDFeatureGet</name>
         <value>0x3d7d</value>
         <object_component_ref idref="oc-3e2"/>
      </symbol>
      <symbol id="sm-859">
         <name>USBDCDDeviceInfoInit</name>
         <value>0x31ed</value>
         <object_component_ref idref="oc-3e8"/>
      </symbol>
      <symbol id="sm-85a">
         <name>USBDeviceIntHandlerInternal</name>
         <value>0x1061</value>
         <object_component_ref idref="oc-c8"/>
      </symbol>
      <symbol id="sm-85b">
         <name>USBDeviceResumeTickHandler</name>
         <value>0x2e6d</value>
         <object_component_ref idref="oc-130"/>
      </symbol>
      <symbol id="sm-867">
         <name>USB0DeviceIntHandler</name>
         <value>0x3d4d</value>
         <object_component_ref idref="oc-48"/>
      </symbol>
      <symbol id="sm-9ac">
         <name>USBLibDMAInit</name>
         <value>0xc61</value>
         <object_component_ref idref="oc-44f"/>
      </symbol>
      <symbol id="sm-9ca">
         <name>g_iUSBMode</name>
         <value>0x20000dc4</value>
         <object_component_ref idref="oc-46d"/>
      </symbol>
      <symbol id="sm-9cb">
         <name>g_ui32WaitTicks</name>
         <value>0x20000dc8</value>
         <object_component_ref idref="oc-46d"/>
      </symbol>
      <symbol id="sm-a03">
         <name>g_pfnTickHandlers</name>
         <value>0x2000084c</value>
      </symbol>
      <symbol id="sm-a04">
         <name>g_pvTickInstance</name>
         <value>0x20000864</value>
      </symbol>
      <symbol id="sm-a05">
         <name>g_ui32USBSOFCount</name>
         <value>0x20000dc0</value>
         <object_component_ref idref="oc-160"/>
      </symbol>
      <symbol id="sm-a06">
         <name>g_bUSBTimerInitialized</name>
         <value>0x20000db8</value>
         <object_component_ref idref="oc-160"/>
      </symbol>
      <symbol id="sm-a07">
         <name>g_ui32CurrentUSBTick</name>
         <value>0x20000dbc</value>
         <object_component_ref idref="oc-160"/>
      </symbol>
      <symbol id="sm-a08">
         <name>InternalUSBStartOfFrameTick</name>
         <value>0x3421</value>
         <object_component_ref idref="oc-136"/>
      </symbol>
      <symbol id="sm-a09">
         <name>InternalUSBRegisterTickHandler</name>
         <value>0x33e9</value>
         <object_component_ref idref="oc-3f4"/>
      </symbol>
      <symbol id="sm-a0a">
         <name>InternalUSBTickInit</name>
         <value>0x3769</value>
         <object_component_ref idref="oc-3ee"/>
      </symbol>
      <symbol id="sm-a17">
         <name>ULPIConfigSet</name>
         <value>0x2cd9</value>
         <object_component_ref idref="oc-425"/>
      </symbol>
      <symbol id="sm-a68">
         <name>USBDCDConfigDescGet</name>
         <value>0x2e1d</value>
         <object_component_ref idref="oc-802"/>
      </symbol>
      <symbol id="sm-a69">
         <name>USBDCDConfigGetInterface</name>
         <value>0x3c5d</value>
         <object_component_ref idref="oc-6ed"/>
      </symbol>
      <symbol id="sm-a6a">
         <name>USBDCDConfigDescGetSize</name>
         <value>0x3ccd</value>
         <object_component_ref idref="oc-396"/>
      </symbol>
      <symbol id="sm-a6b">
         <name>USBDCDConfigGetInterfaceEndpoint</name>
         <value>0x3459</value>
         <object_component_ref idref="oc-808"/>
      </symbol>
      <symbol id="sm-a6c">
         <name>USBDCDConfigDescGetNum</name>
         <value>0x38ff</value>
         <object_component_ref idref="oc-6e7"/>
      </symbol>
      <symbol id="sm-ab9">
         <name>USBDeviceConfigAlternate</name>
         <value>0x2075</value>
         <object_component_ref idref="oc-6f3"/>
      </symbol>
      <symbol id="sm-aba">
         <name>USBDeviceConfig</name>
         <value>0x11b1</value>
         <object_component_ref idref="oc-6df"/>
      </symbol>
      <symbol id="sm-ad8">
         <name>USBDescGet</name>
         <value>0x3853</value>
         <object_component_ref idref="oc-867"/>
      </symbol>
      <symbol id="sm-ad9">
         <name>USBDescGetNum</name>
         <value>0x3929</value>
         <object_component_ref idref="oc-828"/>
      </symbol>
      <symbol id="sm-b37">
         <name>IntIsEnabled</name>
         <value>0x2921</value>
         <object_component_ref idref="oc-742"/>
      </symbol>
      <symbol id="sm-b38">
         <name>IntEnable</name>
         <value>0x2851</value>
         <object_component_ref idref="oc-467"/>
      </symbol>
      <symbol id="sm-b39">
         <name>IntDisable</name>
         <value>0x27e9</value>
         <object_component_ref idref="oc-748"/>
      </symbol>
      <symbol id="sm-b3a">
         <name>IntMasterDisable</name>
         <value>0x3f95</value>
         <object_component_ref idref="oc-7da"/>
      </symbol>
      <symbol id="sm-b3b">
         <name>IntMasterEnable</name>
         <value>0x3fa5</value>
         <object_component_ref idref="oc-7e0"/>
      </symbol>
      <symbol id="sm-b65">
         <name>SysCtlPeripheralEnable</name>
         <value>0x356d</value>
         <object_component_ref idref="oc-40d"/>
      </symbol>
      <symbol id="sm-b66">
         <name>SysCtlUSBPLLEnable</name>
         <value>0x3e8d</value>
         <object_component_ref idref="oc-413"/>
      </symbol>
      <symbol id="sm-b67">
         <name>SysCtlPeripheralReset</name>
         <value>0x2dcd</value>
         <object_component_ref idref="oc-407"/>
      </symbol>
      <symbol id="sm-bb2">
         <name>uDMAChannelControlSet</name>
         <value>0x3ad9</value>
         <object_component_ref idref="oc-721"/>
      </symbol>
      <symbol id="sm-bb3">
         <name>uDMAChannelDisable</name>
         <value>0x3dc5</value>
         <object_component_ref idref="oc-73b"/>
      </symbol>
      <symbol id="sm-bb4">
         <name>uDMAChannelModeGet</name>
         <value>0x39f9</value>
         <object_component_ref idref="oc-760"/>
      </symbol>
      <symbol id="sm-bb5">
         <name>uDMAChannelTransferSet</name>
         <value>0x220d</value>
         <object_component_ref idref="oc-76f"/>
      </symbol>
      <symbol id="sm-bb6">
         <name>uDMAChannelAttributeDisable</name>
         <value>0x315d</value>
         <object_component_ref idref="oc-72e"/>
      </symbol>
      <symbol id="sm-bb7">
         <name>uDMAChannelEnable</name>
         <value>0x3ddd</value>
         <object_component_ref idref="oc-754"/>
      </symbol>
      <symbol id="sm-d66">
         <name>USBLPMIntEnable</name>
         <value>0x4089</value>
         <object_component_ref idref="oc-449"/>
      </symbol>
      <symbol id="sm-d67">
         <name>USBEndpointDataAvail</name>
         <value>0x3c95</value>
         <object_component_ref idref="oc-4ad"/>
      </symbol>
      <symbol id="sm-d68">
         <name>USBClockEnable</name>
         <value>0x40ad</value>
         <object_component_ref idref="oc-419"/>
      </symbol>
      <symbol id="sm-d69">
         <name>USBDevDisconnect</name>
         <value>0x40df</value>
         <object_component_ref idref="oc-154"/>
      </symbol>
      <symbol id="sm-d6a">
         <name>USBDevEndpointStallClear</name>
         <value>0x3037</value>
         <object_component_ref idref="oc-6cd"/>
      </symbol>
      <symbol id="sm-d6b">
         <name>USBEndpointDataPut</name>
         <value>0x3501</value>
         <object_component_ref idref="oc-39c"/>
      </symbol>
      <symbol id="sm-d6c">
         <name>USBDMAChannelIntStatus</name>
         <value>0x413b</value>
         <object_component_ref idref="oc-792"/>
      </symbol>
      <symbol id="sm-d6d">
         <name>USBDevAddrSet</name>
         <value>0x4157</value>
         <object_component_ref idref="oc-252"/>
      </symbol>
      <symbol id="sm-d6e">
         <name>USBDMAChannelCountSet</name>
         <value>0x40cb</value>
         <object_component_ref idref="oc-7ad"/>
      </symbol>
      <symbol id="sm-d6f">
         <name>USBLPMIntStatus</name>
         <value>0x4147</value>
         <object_component_ref idref="oc-13c"/>
      </symbol>
      <symbol id="sm-d70">
         <name>USBDMAChannelAddressSet</name>
         <value>0x40c1</value>
         <object_component_ref idref="oc-7a7"/>
      </symbol>
      <symbol id="sm-d71">
         <name>USBULPIDisable</name>
         <value>0x403b</value>
         <object_component_ref idref="oc-42b"/>
      </symbol>
      <symbol id="sm-d72">
         <name>USBIntStatusControl</name>
         <value>0x3491</value>
         <object_component_ref idref="oc-c2"/>
      </symbol>
      <symbol id="sm-d73">
         <name>USBEndpointDMADisable</name>
         <value>0x3a8f</value>
         <object_component_ref idref="oc-734"/>
      </symbol>
      <symbol id="sm-d74">
         <name>USBDevEndpointDataAck</name>
         <value>0x3953</value>
         <object_component_ref idref="oc-25e"/>
      </symbol>
      <symbol id="sm-d75">
         <name>USBOTGMode</name>
         <value>0x410b</value>
         <object_component_ref idref="oc-431"/>
      </symbol>
      <symbol id="sm-d76">
         <name>USBDMAChannelConfigSet</name>
         <value>0x3ec9</value>
         <object_component_ref idref="oc-7b3"/>
      </symbol>
      <symbol id="sm-d77">
         <name>USBULPIRegRead</name>
         <value>0x3c21</value>
         <object_component_ref idref="oc-59d"/>
      </symbol>
      <symbol id="sm-d78">
         <name>USBDevMode</name>
         <value>0x40fb</value>
         <object_component_ref idref="oc-437"/>
      </symbol>
      <symbol id="sm-d79">
         <name>USBIntEnableEndpoint</name>
         <value>0x3e37</value>
         <object_component_ref idref="oc-45b"/>
      </symbol>
      <symbol id="sm-d7a">
         <name>USBEndpointDataGet</name>
         <value>0x31a5</value>
         <object_component_ref idref="oc-258"/>
      </symbol>
      <symbol id="sm-d7b">
         <name>USBDevEndpointStatusClear</name>
         <value>0x2b6d</value>
         <object_component_ref idref="oc-24c"/>
      </symbol>
      <symbol id="sm-d7c">
         <name>USBULPIEnable</name>
         <value>0x4049</value>
         <object_component_ref idref="oc-41f"/>
      </symbol>
      <symbol id="sm-d7d">
         <name>USBFIFOAddrGet</name>
         <value>0x4103</value>
         <object_component_ref idref="oc-769"/>
      </symbol>
      <symbol id="sm-d7e">
         <name>USBDMAChannelStatus</name>
         <value>0x4011</value>
         <object_component_ref idref="oc-78b"/>
      </symbol>
      <symbol id="sm-d7f">
         <name>USBULPIRegWrite</name>
         <value>0x3c3f</value>
         <object_component_ref idref="oc-5a3"/>
      </symbol>
      <symbol id="sm-d80">
         <name>USBDMAChannelIntEnable</name>
         <value>0x3f71</value>
         <object_component_ref idref="oc-799"/>
      </symbol>
      <symbol id="sm-d81">
         <name>USBDevLPMConfig</name>
         <value>0x4141</value>
         <object_component_ref idref="oc-443"/>
      </symbol>
      <symbol id="sm-d82">
         <name>USBDevLPMEnable</name>
         <value>0x402d</value>
         <object_component_ref idref="oc-142"/>
      </symbol>
      <symbol id="sm-d83">
         <name>USBControllerVersion</name>
         <value>0x40b7</value>
         <object_component_ref idref="oc-5b1"/>
      </symbol>
      <symbol id="sm-d84">
         <name>USBFIFOConfigSet</name>
         <value>0x33af</value>
         <object_component_ref idref="oc-820"/>
      </symbol>
      <symbol id="sm-d85">
         <name>USBEndpointDMAEnable</name>
         <value>0x3ab3</value>
         <object_component_ref idref="oc-74e"/>
      </symbol>
      <symbol id="sm-d86">
         <name>USBDevLPMDisable</name>
         <value>0x401f</value>
         <object_component_ref idref="oc-43d"/>
      </symbol>
      <symbol id="sm-d87">
         <name>USBEndpointDataSend</name>
         <value>0x35a1</value>
         <object_component_ref idref="oc-3a2"/>
      </symbol>
      <symbol id="sm-d88">
         <name>USBIntStatusEndpoint</name>
         <value>0x40e9</value>
         <object_component_ref idref="oc-148"/>
      </symbol>
      <symbol id="sm-d89">
         <name>USBEndpointStatus</name>
         <value>0x3fc5</value>
         <object_component_ref idref="oc-246"/>
      </symbol>
      <symbol id="sm-d8a">
         <name>USBEndpointPacketCountSet</name>
         <value>0x407d</value>
         <object_component_ref idref="oc-775"/>
      </symbol>
      <symbol id="sm-d8b">
         <name>USBDMAChannelIntDisable</name>
         <value>0x3f5f</value>
         <object_component_ref idref="oc-7a0"/>
      </symbol>
      <symbol id="sm-d8c">
         <name>USBEndpointDMAConfigSet</name>
         <value>0x2f55</value>
         <object_component_ref idref="oc-77b"/>
      </symbol>
      <symbol id="sm-d8d">
         <name>USBDevEndpointStall</name>
         <value>0x36d3</value>
         <object_component_ref idref="oc-509"/>
      </symbol>
      <symbol id="sm-d8e">
         <name>USBDevConnect</name>
         <value>0x40d5</value>
         <object_component_ref idref="oc-461"/>
      </symbol>
      <symbol id="sm-d8f">
         <name>USBDevEndpointConfigSet</name>
         <value>0x2311</value>
         <object_component_ref idref="oc-814"/>
      </symbol>
      <symbol id="sm-d90">
         <name>USBDMAChannelDisable</name>
         <value>0x3f3b</value>
         <object_component_ref idref="oc-784"/>
      </symbol>
      <symbol id="sm-d91">
         <name>USBDMAChannelEnable</name>
         <value>0x3f4d</value>
         <object_component_ref idref="oc-7b9"/>
      </symbol>
      <symbol id="sm-d92">
         <name>USBHostResume</name>
         <value>0x3edd</value>
         <object_component_ref idref="oc-237"/>
      </symbol>
      <symbol id="sm-d93">
         <name>USBIntEnableControl</name>
         <value>0x39d1</value>
         <object_component_ref idref="oc-455"/>
      </symbol>
      <symbol id="sm-d94">
         <name>USBEndpointDMAChannel</name>
         <value>0x3ce7</value>
         <object_component_ref idref="oc-728"/>
      </symbol>
      <symbol id="sm-da6">
         <name>CPUcpsie</name>
         <value>0x4071</value>
         <object_component_ref idref="oc-85d"/>
      </symbol>
      <symbol id="sm-da7">
         <name>CPUcpsid</name>
         <value>0x4065</value>
         <object_component_ref idref="oc-856"/>
      </symbol>
      <symbol id="sm-da8">
         <name>__TI_static_base__</name>
         <value>0x0</value>
      </symbol>
      <symbol id="sm-dab">
         <name>__mpu_init</name>
         <value>0x0</value>
      </symbol>
      <symbol id="sm-dac">
         <name>_system_post_cinit</name>
         <value>0x0</value>
      </symbol>
   </symbol_table>
   <title>Link successful</title>
</link_info>
